2026-08-17 04:09:14,266 │ INFO    │ Core infrastructure online — CALM-Net.
2026-08-17 04:09:14,267 │ INFO    │ Device: cuda │ Log file: /content/drive/MyDrive/CALM_Net/logs/calmnet_20260817.log
2026-08-17 04:09:14,269 │ INFO    │ Startup: RAM 0.77 GB │ GPU 0.00/0.00 GB
2026-08-17 04:09:14,298 │ INFO    │ AFC reader ready (4 dialects).
2026-08-17 04:09:14,783 │ INFO    │ ✓ cached  [file_manifest] loaded in 0.5s  (file_manifest__2023__7fda0833bf.parquet)
2026-08-17 04:09:14,879 │ INFO    │ Ingestion [2023] — 17 done, 0 pending (5.08 GB total)  │  cache: reused from TDAG_Net (17 flow parquet files)
2026-08-17 04:09:14,879 │ INFO    │ Nothing to ingest. ✓
2026-08-17 04:09:21,198 │ INFO    │ ✓ cached  [day_source_map] loaded in 0.4s  (day_source_map__2023__9fe854d7ee.parquet)
2026-08-17 04:09:24,235 │ INFO    │ ✓ cached  [tensors] loaded in 3.0s  (tensors__2023__084ad33c34.pkl)
2026-08-17 04:09:24,870 │ INFO    │ After tensors: RAM 0.92 GB │ GPU 0.00/0.00 GB
2026-08-17 04:09:26,200 │ INFO    │ ✓ cached  [card_signatures] loaded in 0.4s  (card_signatures__2023__b08eb4f084.pkl)
2026-08-17 04:09:26,709 │ INFO    │ ✓ cached  [persona_prior] loaded in 0.3s  (persona_prior__2023__4d0870a6c1.pkl)
2026-08-17 04:09:27,685 │ INFO    │ ✓ cached  [spatial_probe] loaded in 0.6s  (spatial_probe__2023__ec43276801.pkl)
2026-08-17 04:09:28,529 │ INFO    │ ✓ cached  [A_topo] loaded in 0.7s  (A_topo__2023__d6587516ea.pkl)
2026-08-17 04:09:29,077 │ INFO    │ ✓ cached  [graph_mask] loaded in 0.5s  (graph_mask__2023__a797568561.pkl)
2026-08-17 04:09:29,455 │ INFO    │ ✓ cached  [delay_support] loaded in 0.3s  (delay_support__2023__d224307b6a.pkl)
2026-08-17 04:09:30,208 │ INFO    │ ✓ cached  [events] loaded in 0.6s  (events__2023__759bb12f03.pkl)
2026-08-17 04:09:30,677 │ INFO    │ ✓ cached  [C_venue] loaded in 0.4s  (C_venue__2023__c38cca5bff.pkl)
2026-08-17 04:09:31,285 │ INFO    │ ✓ cached  [exogenous] loaded in 0.6s  (exogenous__2023__c29b8b64eb.pkl)
2026-08-17 04:09:31,373 │ INFO    │ CRISP design system configured (single 3.5in / double 7.16in · 600 dpi · Type-42 · slate-teal primary, coral accent, greyscale-safe ramps).
2026-08-17 04:09:31,520 │ INFO    │ ✓ figure  [F01] exists — skipping (force=True to redraw)
2026-08-17 04:09:31,522 │ INFO    │ ✓ figure  [F02] exists — skipping (force=True to redraw)
2026-08-17 04:09:31,523 │ INFO    │ ✓ figure  [F03] exists — skipping (force=True to redraw)
2026-08-17 04:09:31,524 │ INFO    │ ✓ figure  [F04] exists — skipping (force=True to redraw)
2026-08-17 04:09:31,526 │ INFO    │ ✓ figure  [F05] exists — skipping (force=True to redraw)
2026-08-17 04:09:31,528 │ INFO    │ ✓ figure  [F06] exists — skipping (force=True to redraw)
2026-08-17 04:09:31,530 │ INFO    │ ✓ figure  [F07] exists — skipping (force=True to redraw)
2026-08-17 04:09:31,532 │ INFO    │ ✓ figure  [F08] exists — skipping (force=True to redraw)
2026-08-17 04:09:31,534 │ INFO    │ ✓ figure  [F09] exists — skipping (force=True to redraw)
2026-08-17 04:09:31,535 │ INFO    │ ✓ figure  [F10] exists — skipping (force=True to redraw)
2026-08-17 04:09:31,537 │ INFO    │ ✓ figure  [F11] exists — skipping (force=True to redraw)
2026-08-17 04:09:31,538 │ INFO    │ ✓ figure  [F12] exists — skipping (force=True to redraw)
2026-08-17 04:09:31,540 │ INFO    │ ✓ figure  [F13] exists — skipping (force=True to redraw)
2026-08-17 04:09:31,541 │ INFO    │ ✓ figure  [F14] exists — skipping (force=True to redraw)
2026-08-17 04:09:31,542 │ INFO    │ ✓ figure  [F15] exists — skipping (force=True to redraw)
2026-08-17 04:09:31,544 │ INFO    │ ✓ figure  [F16] exists — skipping (force=True to redraw)
2026-08-17 04:09:31,546 │ INFO    │ ✓ figure  [F17] exists — skipping (force=True to redraw)
2026-08-17 04:09:31,548 │ INFO    │ ✓ figure  [F18] exists — skipping (force=True to redraw)
2026-08-17 04:09:31,550 │ INFO    │ ✓ figure  [F19] exists — skipping (force=True to redraw)
2026-08-17 04:09:31,552 │ INFO    │ Descriptive figures rendered/verified: 19/19
2026-08-17 04:09:32,302 │ INFO    │ ✓ cached  [windows] loaded in 0.4s  (windows__2023__5b7a3a5529.pkl)
2026-08-17 04:09:33,049 │ INFO    │ CRISP-Net components defined: TDAG-Net backbone (verbatim) · persona channel gates · tail-pinball quantile heads.
2026-08-17 04:09:33,071 │ INFO    │ CRISP-Net defined — TDAG-Net encoder + gated persona-resolved input + quantile heads at tau=[0.05, 0.5, 0.95].
2026-08-17 04:09:33,110 │ INFO    │ Baselines defined (v2): TGALSTM · TDAG-Net · TDAG-Net Input-Splitter. LSTM/TCN/ConvLSTM/SVR-LSTM removed — cited from Paper 3, not rerun.
2026-08-17 04:09:33,133 │ INFO    │ Baselines defined (v2): Graph WaveNet · AGCRN. STGCN/DCRNN removed — cited from Paper 3, not rerun.
2026-08-17 04:09:33,148 │ INFO    │ Uncertainty baselines defined — MC-Dropout (30 passes) · Deep Ensemble (M = 5). Raw quantile heads come from CRISP-Net itself, not a duplicate run.
2026-08-17 04:09:34,971 │ INFO    │ Registry ready — 4 models to train (1 seed) + 5 ensemble members; 5 baselines reused from the v2 cache.
2026-08-17 04:09:35,079 │ INFO    │ Trainer ready (v2) — resumable to the batch, Huber + tail-pinball objective, real kernel-entropy penalty.
2026-08-17 04:09:40,061 │ INFO    │  ⚠ under-sized Mondrian bin(s) for [CRISP-Net] ['normal · peak', 'event · peak'] — invoking 5-fold cross-conformal
2026-08-17 04:09:42,354 │ INFO    │ ✓ cached [cross-conformal CRISP-Net] (4171440, 2) scores
2026-08-17 04:09:43,285 │ INFO    │ ✓ cached [CRISP-Net] predictions + metrics loaded
2026-08-17 04:09:47,454 │ INFO    │  ⚠ under-sized Mondrian bin(s) for [CRISP-Net w/o gates] ['normal · peak', 'event · peak'] — invoking 5-fold cross-conformal
2026-08-17 04:09:49,818 │ INFO    │ ✓ cached [cross-conformal CRISP-Net w/o gates] (4171440, 2) scores
2026-08-17 04:09:50,168 │ INFO    │ ✓ cached [CRISP-Net w/o gates] predictions + metrics loaded
2026-08-17 04:09:53,613 │ INFO    │  ⚠ under-sized Mondrian bin(s) for [CRISP-Net w/o PRI] ['normal · peak', 'event · peak'] — invoking 5-fold cross-conformal
2026-08-17 04:09:55,662 │ INFO    │ ✓ cached [cross-conformal CRISP-Net w/o PRI] (4171440, 2) scores
2026-08-17 04:09:55,976 │ INFO    │ ✓ cached [CRISP-Net w/o PRI] predictions + metrics loaded
2026-08-17 04:09:57,982 │ INFO    │ ✓ cached [Graph WaveNet] predictions + metrics loaded
2026-08-17 04:09:59,799 │ INFO    │ ✓ cached [AGCRN] predictions + metrics loaded (3 seeds, from v2)
2026-08-17 04:10:01,331 │ INFO    │ ✓ cached [TGALSTM] predictions + metrics loaded
2026-08-17 04:10:02,959 │ INFO    │ ✓ cached [TDAG-Net] predictions + metrics loaded (3 seeds, from v2)
2026-08-17 04:10:04,460 │ INFO    │ ✓ cached [TDAG-Net (Input-Splitter)] predictions + metrics loaded (3 seeds, from v2)
2026-08-17 04:10:10,422 │ INFO    │ ✓ trained [MC-Dropout] — DONE marker present, skipping
2026-08-17 04:10:11,499 │ INFO    │   ↻ resumed [MC-Dropout] at epoch 80, batch 0, best_val=0.07199 (epoch 74)
2026-08-17 04:10:57,925 │ INFO    │  ⚠ under-sized Mondrian bin(s) for [MC-Dropout] ['normal · peak', 'event · peak'] — invoking 5-fold cross-conformal
2026-08-17 04:10:57,937 │ INFO    │   ▶ cross-conformal fold 1/5 — fit 2,912 / held-out 728 windows
2026-08-17 04:10:58,191 │ INFO    │ ✓ trained [MC-Dropout [xconf fold 0]] — DONE marker present, skipping
2026-08-17 04:11:01,445 │ INFO    │   ↻ resumed [MC-Dropout [xconf fold 0]] at epoch 80, batch 0, best_val=0.07308 (epoch 76)
2026-08-17 04:11:31,383 │ INFO    │   ▶ cross-conformal fold 2/5 — fit 2,912 / held-out 728 windows
2026-08-17 04:11:32,413 │ INFO    │   ↻ resumed [MC-Dropout [xconf fold 1]] at epoch 17, batch 0, best_val=0.08190 (epoch 15)
2026-08-17 04:11:32,415 │ INFO    │ ▶ training [MC-Dropout [xconf fold 1]] — 2,912 train / 364 tune windows, 91 batches/epoch, from epoch 17
2026-08-17 04:11:38,026 │ INFO    │   e 17 train 0.10021 val 0.08097  ★ lr 3.00e-04 6s patience 0/15
2026-08-17 04:11:42,208 │ INFO    │   e 18 train 0.10020 val 0.08252     lr 3.00e-04 4s patience 1/15
2026-08-17 04:11:46,420 │ INFO    │   e 19 train 0.09935 val 0.08123     lr 3.00e-04 4s patience 2/15
2026-08-17 04:11:50,649 │ INFO    │   e 20 train 0.09910 val 0.08058  ★ lr 3.00e-04 4s patience 0/15
2026-08-17 04:11:54,906 │ INFO    │   e 21 train 0.09910 val 0.07991  ★ lr 3.00e-04 4s patience 0/15
2026-08-17 04:11:59,264 │ INFO    │   e 22 train 0.09845 val 0.07980  ★ lr 3.00e-04 4s patience 0/15
2026-08-17 04:12:03,527 │ INFO    │   e 23 train 0.09816 val 0.07949  ★ lr 3.00e-04 4s patience 0/15
2026-08-17 04:12:07,773 │ INFO    │   e 24 train 0.09782 val 0.07974     lr 3.00e-04 4s patience 1/15
2026-08-17 04:12:12,195 │ INFO    │   e 25 train 0.09761 val 0.07919  ★ lr 3.00e-04 4s patience 0/15
2026-08-17 04:12:16,576 │ INFO    │   e 26 train 0.09745 val 0.07898  ★ lr 3.00e-04 4s patience 0/15
2026-08-17 04:12:20,914 │ INFO    │   e 27 train 0.09733 val 0.07863  ★ lr 3.00e-04 4s patience 0/15
2026-08-17 04:12:25,231 │ INFO    │   e 28 train 0.09698 val 0.07911     lr 3.00e-04 4s patience 1/15
2026-08-17 04:12:29,623 │ INFO    │   e 29 train 0.09671 val 0.07807  ★ lr 3.00e-04 4s patience 0/15
2026-08-17 04:12:33,915 │ INFO    │   e 30 train 0.09657 val 0.07860     lr 3.00e-04 4s patience 1/15
2026-08-17 04:12:38,310 │ INFO    │   e 31 train 0.09630 val 0.07772  ★ lr 3.00e-04 4s patience 0/15
2026-08-17 04:12:42,723 │ INFO    │   e 32 train 0.09601 val 0.07714  ★ lr 3.00e-04 4s patience 0/15
2026-08-17 04:12:47,174 │ INFO    │   e 33 train 0.09581 val 0.07698  ★ lr 3.00e-04 4s patience 0/15
2026-08-17 04:12:51,514 │ INFO    │   e 34 train 0.09596 val 0.07862     lr 3.00e-04 4s patience 1/15
2026-08-17 04:12:55,964 │ INFO    │   e 35 train 0.09556 val 0.07695  ★ lr 3.00e-04 4s patience 0/15
2026-08-17 04:13:00,284 │ INFO    │   e 36 train 0.09539 val 0.07744     lr 3.00e-04 4s patience 1/15
2026-08-17 04:13:04,663 │ INFO    │   e 37 train 0.09514 val 0.07694  ★ lr 3.00e-04 4s patience 0/15
2026-08-17 04:13:09,103 │ INFO    │   e 38 train 0.09485 val 0.07723     lr 3.00e-04 4s patience 1/15
2026-08-17 04:13:13,454 │ INFO    │   e 39 train 0.09457 val 0.07607  ★ lr 3.00e-04 4s patience 0/15
2026-08-17 04:13:17,833 │ INFO    │   e 40 train 0.09440 val 0.07571  ★ lr 3.00e-04 4s patience 0/15
2026-08-17 04:13:22,282 │ INFO    │   e 41 train 0.09449 val 0.07569  ★ lr 3.00e-04 4s patience 0/15
2026-08-17 04:13:26,579 │ INFO    │   e 42 train 0.09471 val 0.07838     lr 3.00e-04 4s patience 1/15
2026-08-17 04:13:30,883 │ INFO    │   e 43 train 0.09450 val 0.07599     lr 3.00e-04 4s patience 2/15
2026-08-17 04:13:35,273 │ INFO    │   e 44 train 0.09432 val 0.07635     lr 3.00e-04 4s patience 3/15
2026-08-17 04:13:39,677 │ INFO    │   e 45 train 0.09405 val 0.07812     lr 3.00e-04 4s patience 4/15
2026-08-17 04:13:44,026 │ INFO    │   e 46 train 0.09409 val 0.07559  ★ lr 3.00e-04 4s patience 0/15
2026-08-17 04:13:48,408 │ INFO    │   e 47 train 0.09389 val 0.07528  ★ lr 3.00e-04 4s patience 0/15
2026-08-17 04:13:52,737 │ INFO    │   e 48 train 0.09379 val 0.07528     lr 3.00e-04 4s patience 1/15
2026-08-17 04:13:57,047 │ INFO    │   e 49 train 0.09366 val 0.07680     lr 3.00e-04 4s patience 2/15
2026-08-17 04:14:01,418 │ INFO    │   e 50 train 0.09344 val 0.07495  ★ lr 3.00e-04 4s patience 0/15
2026-08-17 04:14:05,797 │ INFO    │   e 51 train 0.09314 val 0.07522     lr 3.00e-04 4s patience 1/15
2026-08-17 04:14:10,170 │ INFO    │   e 52 train 0.09373 val 0.07623     lr 3.00e-04 4s patience 2/15
2026-08-17 04:14:14,557 │ INFO    │   e 53 train 0.09324 val 0.07484  ★ lr 3.00e-04 4s patience 0/15
2026-08-17 04:14:18,965 │ INFO    │   e 54 train 0.09290 val 0.07469  ★ lr 3.00e-04 4s patience 0/15
2026-08-17 04:14:23,275 │ INFO    │   e 55 train 0.09285 val 0.07480     lr 3.00e-04 4s patience 1/15
2026-08-17 04:14:27,613 │ INFO    │   e 56 train 0.09314 val 0.07519     lr 3.00e-04 4s patience 2/15
2026-08-17 04:14:32,098 │ INFO    │   e 57 train 0.09296 val 0.07464  ★ lr 3.00e-04 4s patience 0/15
2026-08-17 04:14:36,418 │ INFO    │   e 58 train 0.09250 val 0.07523     lr 3.00e-04 4s patience 1/15
2026-08-17 04:14:40,774 │ INFO    │   e 59 train 0.09262 val 0.07482     lr 3.00e-04 4s patience 2/15
2026-08-17 04:14:45,232 │ INFO    │   e 60 train 0.09239 val 0.07386  ★ lr 3.00e-04 4s patience 0/15
2026-08-17 04:14:49,693 │ INFO    │   e 61 train 0.09240 val 0.07377  ★ lr 3.00e-04 4s patience 0/15
2026-08-17 04:14:53,998 │ INFO    │   e 62 train 0.09218 val 0.07413     lr 3.00e-04 4s patience 1/15
2026-08-17 04:14:58,432 │ INFO    │   e 63 train 0.09209 val 0.07369  ★ lr 3.00e-04 4s patience 0/15
2026-08-17 04:15:02,792 │ INFO    │   e 64 train 0.09228 val 0.07393     lr 3.00e-04 4s patience 1/15
2026-08-17 04:15:07,150 │ INFO    │   e 65 train 0.09203 val 0.07357  ★ lr 3.00e-04 4s patience 0/15
2026-08-17 04:15:11,545 │ INFO    │   e 66 train 0.09230 val 0.07346  ★ lr 3.00e-04 4s patience 0/15
2026-08-17 04:15:15,897 │ INFO    │   e 67 train 0.09190 val 0.07426     lr 3.00e-04 4s patience 1/15
2026-08-17 04:15:20,206 │ INFO    │   e 68 train 0.09175 val 0.07350     lr 3.00e-04 4s patience 2/15
2026-08-17 04:15:24,570 │ INFO    │   e 69 train 0.09174 val 0.07367     lr 3.00e-04 4s patience 3/15
2026-08-17 04:15:28,946 │ INFO    │   e 70 train 0.09140 val 0.07367     lr 3.00e-04 4s patience 4/15
2026-08-17 04:15:33,253 │ INFO    │   e 71 train 0.09170 val 0.07394     lr 3.00e-04 4s patience 5/15
2026-08-17 04:15:37,572 │ INFO    │   e 72 train 0.09210 val 0.07353     lr 3.00e-04 4s patience 6/15
2026-08-17 04:15:41,955 │ INFO    │   e 73 train 0.09131 val 0.07350     lr 1.50e-04 4s patience 7/15
2026-08-17 04:15:46,333 │ INFO    │   e 74 train 0.09056 val 0.07298  ★ lr 1.50e-04 4s patience 0/15
2026-08-17 04:15:50,644 │ INFO    │   e 75 train 0.09044 val 0.07302     lr 1.50e-04 4s patience 1/15
2026-08-17 04:15:55,049 │ INFO    │   e 76 train 0.09045 val 0.07336     lr 1.50e-04 4s patience 2/15
2026-08-17 04:15:59,426 │ INFO    │   e 77 train 0.09034 val 0.07261  ★ lr 1.50e-04 4s patience 0/15
2026-08-17 04:16:03,733 │ INFO    │   e 78 train 0.09038 val 0.07270     lr 1.50e-04 4s patience 1/15
2026-08-17 04:16:08,114 │ INFO    │   e 79 train 0.09028 val 0.07281     lr 1.50e-04 4s patience 2/15
2026-08-17 04:16:08,299 │ INFO    │ ✔ finished [MC-Dropout [xconf fold 1]] best_val=0.07261 @ epoch 77
2026-08-17 04:16:38,746 │ INFO    │   ▶ cross-conformal fold 3/5 — fit 2,912 / held-out 728 windows
2026-08-17 04:16:38,779 │ INFO    │ ▶ training [MC-Dropout [xconf fold 2]] — 2,912 train / 364 tune windows, 91 batches/epoch, from epoch 0
2026-08-17 04:16:43,005 │ INFO    │   e  0 train 0.21965 val 0.13485  ★ lr 3.00e-04 4s patience 0/15
2026-08-17 04:16:47,304 │ INFO    │   e  1 train 0.13341 val 0.10664  ★ lr 3.00e-04 4s patience 0/15
2026-08-17 04:16:51,619 │ INFO    │   e  2 train 0.11953 val 0.09890  ★ lr 3.00e-04 4s patience 0/15
2026-08-17 04:16:55,893 │ INFO    │   e  3 train 0.11397 val 0.09608  ★ lr 3.00e-04 4s patience 0/15
2026-08-17 04:17:00,165 │ INFO    │   e  4 train 0.11167 val 0.09224  ★ lr 3.00e-04 4s patience 0/15
2026-08-17 04:17:04,510 │ INFO    │   e  5 train 0.10904 val 0.09192  ★ lr 3.00e-04 4s patience 0/15
2026-08-17 04:17:08,787 │ INFO    │   e  6 train 0.10762 val 0.08974  ★ lr 3.00e-04 4s patience 0/15
2026-08-17 04:17:13,068 │ INFO    │   e  7 train 0.10575 val 0.08775  ★ lr 3.00e-04 4s patience 0/15
2026-08-17 04:17:17,425 │ INFO    │   e  8 train 0.10416 val 0.08683  ★ lr 3.00e-04 4s patience 0/15
2026-08-17 04:17:21,785 │ INFO    │   e  9 train 0.10333 val 0.08528  ★ lr 3.00e-04 4s patience 0/15
2026-08-17 04:17:26,046 │ INFO    │   e 10 train 0.10252 val 0.08576     lr 3.00e-04 4s patience 1/15
2026-08-17 04:17:30,409 │ INFO    │   e 11 train 0.10180 val 0.08420  ★ lr 3.00e-04 4s patience 0/15
2026-08-17 04:17:34,750 │ INFO    │   e 12 train 0.10066 val 0.08501     lr 3.00e-04 4s patience 1/15
2026-08-17 04:17:39,069 │ INFO    │   e 13 train 0.10008 val 0.08224  ★ lr 3.00e-04 4s patience 0/15
2026-08-17 04:17:43,358 │ INFO    │   e 14 train 0.10040 val 0.08270     lr 3.00e-04 4s patience 1/15
2026-08-17 04:17:47,704 │ INFO    │   e 15 train 0.09911 val 0.08129  ★ lr 3.00e-04 4s patience 0/15
2026-08-17 04:17:51,970 │ INFO    │   e 16 train 0.09850 val 0.08303     lr 3.00e-04 4s patience 1/15
2026-08-17 04:17:56,282 │ INFO    │   e 17 train 0.09776 val 0.08085  ★ lr 3.00e-04 4s patience 0/15
2026-08-17 04:18:00,615 │ INFO    │   e 18 train 0.09788 val 0.08142     lr 3.00e-04 4s patience 1/15
2026-08-17 04:18:04,916 │ INFO    │   e 19 train 0.09702 val 0.08015  ★ lr 3.00e-04 4s patience 0/15
2026-08-17 04:18:09,187 │ INFO    │   e 20 train 0.09678 val 0.08090     lr 3.00e-04 4s patience 1/15
2026-08-17 04:18:13,551 │ INFO    │   e 21 train 0.09651 val 0.07931  ★ lr 3.00e-04 4s patience 0/15
2026-08-17 04:18:17,817 │ INFO    │   e 22 train 0.09578 val 0.07948     lr 3.00e-04 4s patience 1/15
2026-08-17 04:18:22,114 │ INFO    │   e 23 train 0.09644 val 0.07890  ★ lr 3.00e-04 4s patience 0/15
2026-08-17 04:18:26,441 │ INFO    │   e 24 train 0.09543 val 0.07870  ★ lr 3.00e-04 4s patience 0/15
2026-08-17 04:18:30,710 │ INFO    │   e 25 train 0.09530 val 0.07870     lr 3.00e-04 4s patience 1/15
2026-08-17 04:18:34,954 │ INFO    │   e 26 train 0.09552 val 0.07945     lr 3.00e-04 4s patience 2/15
2026-08-17 04:18:39,269 │ INFO    │   e 27 train 0.09507 val 0.07785  ★ lr 3.00e-04 4s patience 0/15
2026-08-17 04:18:43,572 │ INFO    │   e 28 train 0.09424 val 0.07811     lr 3.00e-04 4s patience 1/15
2026-08-17 04:18:47,878 │ INFO    │   e 29 train 0.09429 val 0.07782  ★ lr 3.00e-04 4s patience 0/15
2026-08-17 04:18:52,180 │ INFO    │   e 30 train 0.09405 val 0.07767  ★ lr 3.00e-04 4s patience 0/15
2026-08-17 04:18:56,562 │ INFO    │   e 31 train 0.09374 val 0.07739  ★ lr 3.00e-04 4s patience 0/15
2026-08-17 04:19:00,850 │ INFO    │   e 32 train 0.09321 val 0.07788     lr 3.00e-04 4s patience 1/15
2026-08-17 04:19:05,110 │ INFO    │   e 33 train 0.09335 val 0.07830     lr 3.00e-04 4s patience 2/15
2026-08-17 04:19:09,449 │ INFO    │   e 34 train 0.09323 val 0.07783     lr 3.00e-04 4s patience 3/15
2026-08-17 04:19:13,850 │ INFO    │   e 35 train 0.09299 val 0.07627  ★ lr 3.00e-04 4s patience 0/15
2026-08-17 04:19:18,143 │ INFO    │   e 36 train 0.09285 val 0.07756     lr 3.00e-04 4s patience 1/15
2026-08-17 04:19:22,516 │ INFO    │   e 37 train 0.09263 val 0.07626  ★ lr 3.00e-04 4s patience 0/15
2026-08-17 04:19:26,842 │ INFO    │   e 38 train 0.09241 val 0.07631     lr 3.00e-04 4s patience 1/15
2026-08-17 04:19:31,176 │ INFO    │   e 39 train 0.09205 val 0.07607  ★ lr 3.00e-04 4s patience 0/15
2026-08-17 04:19:35,541 │ INFO    │   e 40 train 0.09191 val 0.07585  ★ lr 3.00e-04 4s patience 0/15
2026-08-17 04:19:39,895 │ INFO    │   e 41 train 0.09216 val 0.07521  ★ lr 3.00e-04 4s patience 0/15
2026-08-17 04:19:44,170 │ INFO    │   e 42 train 0.09243 val 0.07773     lr 3.00e-04 4s patience 1/15
2026-08-17 04:19:48,463 │ INFO    │   e 43 train 0.09160 val 0.07529     lr 3.00e-04 4s patience 2/15
2026-08-17 04:19:52,858 │ INFO    │   e 44 train 0.09142 val 0.07486  ★ lr 3.00e-04 4s patience 0/15
2026-08-17 04:19:57,135 │ INFO    │   e 45 train 0.09131 val 0.07962     lr 3.00e-04 4s patience 1/15
2026-08-17 04:20:01,406 │ INFO    │   e 46 train 0.09145 val 0.07560     lr 3.00e-04 4s patience 2/15
2026-08-17 04:20:05,753 │ INFO    │   e 47 train 0.09096 val 0.07525     lr 3.00e-04 4s patience 3/15
2026-08-17 04:20:10,038 │ INFO    │   e 48 train 0.09084 val 0.07522     lr 3.00e-04 4s patience 4/15
2026-08-17 04:20:14,312 │ INFO    │   e 49 train 0.09149 val 0.07594     lr 3.00e-04 4s patience 5/15
2026-08-17 04:20:18,618 │ INFO    │   e 50 train 0.09097 val 0.07520     lr 3.00e-04 4s patience 6/15
2026-08-17 04:20:22,950 │ INFO    │   e 51 train 0.09031 val 0.07446  ★ lr 3.00e-04 4s patience 0/15
2026-08-17 04:20:27,212 │ INFO    │   e 52 train 0.09074 val 0.07489     lr 3.00e-04 4s patience 1/15
2026-08-17 04:20:31,532 │ INFO    │   e 53 train 0.09025 val 0.07470     lr 3.00e-04 4s patience 2/15
2026-08-17 04:20:35,841 │ INFO    │   e 54 train 0.09007 val 0.07465     lr 3.00e-04 4s patience 3/15
2026-08-17 04:20:40,098 │ INFO    │   e 55 train 0.09002 val 0.07566     lr 3.00e-04 4s patience 4/15
2026-08-17 04:20:44,431 │ INFO    │   e 56 train 0.09031 val 0.07402  ★ lr 3.00e-04 4s patience 0/15
2026-08-17 04:20:48,798 │ INFO    │   e 57 train 0.09029 val 0.07391  ★ lr 3.00e-04 4s patience 0/15
2026-08-17 04:20:53,058 │ INFO    │   e 58 train 0.08984 val 0.07583     lr 3.00e-04 4s patience 1/15
2026-08-17 04:20:57,311 │ INFO    │   e 59 train 0.08983 val 0.07453     lr 3.00e-04 4s patience 2/15
2026-08-17 04:21:01,672 │ INFO    │   e 60 train 0.08964 val 0.07365  ★ lr 3.00e-04 4s patience 0/15
2026-08-17 04:21:05,948 │ INFO    │   e 61 train 0.08950 val 0.07409     lr 3.00e-04 4s patience 1/15
2026-08-17 04:21:10,196 │ INFO    │   e 62 train 0.08968 val 0.07428     lr 3.00e-04 4s patience 2/15
2026-08-17 04:21:14,540 │ INFO    │   e 63 train 0.08928 val 0.07334  ★ lr 3.00e-04 4s patience 0/15
2026-08-17 04:21:18,823 │ INFO    │   e 64 train 0.08959 val 0.07384     lr 3.00e-04 4s patience 1/15
2026-08-17 04:21:23,122 │ INFO    │   e 65 train 0.08916 val 0.07405     lr 3.00e-04 4s patience 2/15
2026-08-17 04:21:27,411 │ INFO    │   e 66 train 0.08923 val 0.07371     lr 3.00e-04 4s patience 3/15
2026-08-17 04:21:31,696 │ INFO    │   e 67 train 0.08951 val 0.07430     lr 3.00e-04 4s patience 4/15
2026-08-17 04:21:35,992 │ INFO    │   e 68 train 0.08893 val 0.07362     lr 3.00e-04 4s patience 5/15
2026-08-17 04:21:40,268 │ INFO    │   e 69 train 0.08972 val 0.07391     lr 3.00e-04 4s patience 6/15
2026-08-17 04:21:44,589 │ INFO    │   e 70 train 0.08866 val 0.07421     lr 1.50e-04 4s patience 7/15
2026-08-17 04:21:48,918 │ INFO    │   e 71 train 0.08815 val 0.07270  ★ lr 1.50e-04 4s patience 0/15
2026-08-17 04:21:53,243 │ INFO    │   e 72 train 0.08801 val 0.07258  ★ lr 1.50e-04 4s patience 0/15
2026-08-17 04:21:57,559 │ INFO    │   e 73 train 0.08805 val 0.07316     lr 1.50e-04 4s patience 1/15
2026-08-17 04:22:01,848 │ INFO    │   e 74 train 0.08802 val 0.07266     lr 1.50e-04 4s patience 2/15
2026-08-17 04:22:06,118 │ INFO    │   e 75 train 0.08789 val 0.07265     lr 1.50e-04 4s patience 3/15
2026-08-17 04:22:10,523 │ INFO    │   e 76 train 0.08793 val 0.07215  ★ lr 1.50e-04 4s patience 0/15
2026-08-17 04:22:14,809 │ INFO    │   e 77 train 0.08778 val 0.07247     lr 1.50e-04 4s patience 1/15
2026-08-17 04:22:19,080 │ INFO    │   e 78 train 0.08784 val 0.07285     lr 1.50e-04 4s patience 2/15
2026-08-17 04:22:23,411 │ INFO    │   e 79 train 0.08775 val 0.07236     lr 1.50e-04 4s patience 3/15
2026-08-17 04:22:23,535 │ INFO    │ ✔ finished [MC-Dropout [xconf fold 2]] best_val=0.07215 @ epoch 76
2026-08-17 04:22:54,014 │ INFO    │   ▶ cross-conformal fold 4/5 — fit 2,912 / held-out 728 windows
2026-08-17 04:22:54,052 │ INFO    │ ▶ training [MC-Dropout [xconf fold 3]] — 2,912 train / 364 tune windows, 91 batches/epoch, from epoch 0
2026-08-17 04:22:58,284 │ INFO    │   e  0 train 0.21059 val 0.13514  ★ lr 3.00e-04 4s patience 0/15
2026-08-17 04:23:02,580 │ INFO    │   e  1 train 0.13094 val 0.10673  ★ lr 3.00e-04 4s patience 0/15
2026-08-17 04:23:06,927 │ INFO    │   e  2 train 0.11738 val 0.10073  ★ lr 3.00e-04 4s patience 0/15
2026-08-17 04:23:11,214 │ INFO    │   e  3 train 0.11215 val 0.09549  ★ lr 3.00e-04 4s patience 0/15
2026-08-17 04:23:15,507 │ INFO    │   e  4 train 0.10960 val 0.09307  ★ lr 3.00e-04 4s patience 0/15
2026-08-17 04:23:19,850 │ INFO    │   e  5 train 0.10716 val 0.09131  ★ lr 3.00e-04 4s patience 0/15
2026-08-17 04:23:24,168 │ INFO    │   e  6 train 0.10575 val 0.09079  ★ lr 3.00e-04 4s patience 0/15
2026-08-17 04:23:28,459 │ INFO    │   e  7 train 0.10367 val 0.08763  ★ lr 3.00e-04 4s patience 0/15
2026-08-17 04:23:32,795 │ INFO    │   e  8 train 0.10256 val 0.08633  ★ lr 3.00e-04 4s patience 0/15
2026-08-17 04:23:37,085 │ INFO    │   e  9 train 0.10148 val 0.08662     lr 3.00e-04 4s patience 1/15
2026-08-17 04:23:41,381 │ INFO    │   e 10 train 0.10065 val 0.08552  ★ lr 3.00e-04 4s patience 0/15
2026-08-17 04:23:45,710 │ INFO    │   e 11 train 0.09997 val 0.08452  ★ lr 3.00e-04 4s patience 0/15
2026-08-17 04:23:50,068 │ INFO    │   e 12 train 0.09910 val 0.08359  ★ lr 3.00e-04 4s patience 0/15
2026-08-17 04:23:54,375 │ INFO    │   e 13 train 0.09814 val 0.08272  ★ lr 3.00e-04 4s patience 0/15
2026-08-17 04:23:58,700 │ INFO    │   e 14 train 0.09802 val 0.08246  ★ lr 3.00e-04 4s patience 0/15
2026-08-17 04:24:03,107 │ INFO    │   e 15 train 0.09741 val 0.08180  ★ lr 3.00e-04 4s patience 0/15
2026-08-17 04:24:07,414 │ INFO    │   e 16 train 0.09680 val 0.08134  ★ lr 3.00e-04 4s patience 0/15
2026-08-17 04:24:11,710 │ INFO    │   e 17 train 0.09645 val 0.08100  ★ lr 3.00e-04 4s patience 0/15
2026-08-17 04:24:16,105 │ INFO    │   e 18 train 0.09641 val 0.08079  ★ lr 3.00e-04 4s patience 0/15
2026-08-17 04:24:20,415 │ INFO    │   e 19 train 0.09527 val 0.08021  ★ lr 3.00e-04 4s patience 0/15
2026-08-17 04:24:24,660 │ INFO    │   e 20 train 0.09509 val 0.08115     lr 3.00e-04 4s patience 1/15
2026-08-17 04:24:28,986 │ INFO    │   e 21 train 0.09522 val 0.07982  ★ lr 3.00e-04 4s patience 0/15
2026-08-17 04:24:33,325 │ INFO    │   e 22 train 0.09443 val 0.07974  ★ lr 3.00e-04 4s patience 0/15
2026-08-17 04:24:37,569 │ INFO    │   e 23 train 0.09458 val 0.08007     lr 3.00e-04 4s patience 1/15
2026-08-17 04:24:41,843 │ INFO    │   e 24 train 0.09377 val 0.08037     lr 3.00e-04 4s patience 2/15
2026-08-17 04:24:46,201 │ INFO    │   e 25 train 0.09368 val 0.07896  ★ lr 3.00e-04 4s patience 0/15
2026-08-17 04:24:50,474 │ INFO    │   e 26 train 0.09383 val 0.07897     lr 3.00e-04 4s patience 1/15
2026-08-17 04:24:54,787 │ INFO    │   e 27 train 0.09355 val 0.07791  ★ lr 3.00e-04 4s patience 0/15
2026-08-17 04:24:59,129 │ INFO    │   e 28 train 0.09307 val 0.07986     lr 3.00e-04 4s patience 1/15
2026-08-17 04:25:03,377 │ INFO    │   e 29 train 0.09257 val 0.07975     lr 3.00e-04 4s patience 2/15
2026-08-17 04:25:07,683 │ INFO    │   e 30 train 0.09272 val 0.07783  ★ lr 3.00e-04 4s patience 0/15
2026-08-17 04:25:12,002 │ INFO    │   e 31 train 0.09236 val 0.07832     lr 3.00e-04 4s patience 1/15
2026-08-17 04:25:16,330 │ INFO    │   e 32 train 0.09221 val 0.07766  ★ lr 3.00e-04 4s patience 0/15
2026-08-17 04:25:20,603 │ INFO    │   e 33 train 0.09214 val 0.07781     lr 3.00e-04 4s patience 1/15
2026-08-17 04:25:24,926 │ INFO    │   e 34 train 0.09184 val 0.07858     lr 3.00e-04 4s patience 2/15
2026-08-17 04:25:29,285 │ INFO    │   e 35 train 0.09159 val 0.07751  ★ lr 3.00e-04 4s patience 0/15
2026-08-17 04:25:33,538 │ INFO    │   e 36 train 0.09182 val 0.07867     lr 3.00e-04 4s patience 1/15
2026-08-17 04:25:37,871 │ INFO    │   e 37 train 0.09121 val 0.07643  ★ lr 3.00e-04 4s patience 0/15
2026-08-17 04:25:42,176 │ INFO    │   e 38 train 0.09096 val 0.07803     lr 3.00e-04 4s patience 1/15
2026-08-17 04:25:46,476 │ INFO    │   e 39 train 0.09090 val 0.07627  ★ lr 3.00e-04 4s patience 0/15
2026-08-17 04:25:50,739 │ INFO    │   e 40 train 0.09068 val 0.07672     lr 3.00e-04 4s patience 1/15
2026-08-17 04:25:55,048 │ INFO    │   e 41 train 0.09086 val 0.07684     lr 3.00e-04 4s patience 2/15
2026-08-17 04:25:59,305 │ INFO    │   e 42 train 0.09068 val 0.07706     lr 3.00e-04 4s patience 3/15
2026-08-17 04:26:03,616 │ INFO    │   e 43 train 0.09031 val 0.07644     lr 3.00e-04 4s patience 4/15
2026-08-17 04:26:08,001 │ INFO    │   e 44 train 0.09062 val 0.07558  ★ lr 3.00e-04 4s patience 0/15
2026-08-17 04:26:12,265 │ INFO    │   e 45 train 0.09017 val 0.07860     lr 3.00e-04 4s patience 1/15
2026-08-17 04:26:16,537 │ INFO    │   e 46 train 0.08996 val 0.07575     lr 3.00e-04 4s patience 2/15
2026-08-17 04:26:20,865 │ INFO    │   e 47 train 0.09000 val 0.07578     lr 3.00e-04 4s patience 3/15
2026-08-17 04:26:25,129 │ INFO    │   e 48 train 0.08959 val 0.07579     lr 3.00e-04 4s patience 4/15
2026-08-17 04:26:29,388 │ INFO    │   e 49 train 0.09018 val 0.07734     lr 3.00e-04 4s patience 5/15
2026-08-17 04:26:33,699 │ INFO    │   e 50 train 0.08955 val 0.07598     lr 3.00e-04 4s patience 6/15
2026-08-17 04:26:38,074 │ INFO    │   e 51 train 0.08939 val 0.07511  ★ lr 3.00e-04 4s patience 0/15
2026-08-17 04:26:42,377 │ INFO    │   e 52 train 0.08936 val 0.07573     lr 3.00e-04 4s patience 1/15
2026-08-17 04:26:46,667 │ INFO    │   e 53 train 0.08924 val 0.07532     lr 3.00e-04 4s patience 2/15
2026-08-17 04:26:50,991 │ INFO    │   e 54 train 0.08915 val 0.07618     lr 3.00e-04 4s patience 3/15
2026-08-17 04:26:55,247 │ INFO    │   e 55 train 0.08902 val 0.07642     lr 3.00e-04 4s patience 4/15
2026-08-17 04:26:59,516 │ INFO    │   e 56 train 0.08910 val 0.07589     lr 3.00e-04 4s patience 5/15
2026-08-17 04:27:03,906 │ INFO    │   e 57 train 0.08902 val 0.07483  ★ lr 3.00e-04 4s patience 0/15
2026-08-17 04:27:08,164 │ INFO    │   e 58 train 0.08857 val 0.07581     lr 3.00e-04 4s patience 1/15
2026-08-17 04:27:12,426 │ INFO    │   e 59 train 0.08904 val 0.07580     lr 3.00e-04 4s patience 2/15
2026-08-17 04:27:16,822 │ INFO    │   e 60 train 0.08906 val 0.07415  ★ lr 3.00e-04 4s patience 0/15
2026-08-17 04:27:21,093 │ INFO    │   e 61 train 0.08830 val 0.07478     lr 3.00e-04 4s patience 1/15
2026-08-17 04:27:25,404 │ INFO    │   e 62 train 0.08827 val 0.07393  ★ lr 3.00e-04 4s patience 0/15
2026-08-17 04:27:29,694 │ INFO    │   e 63 train 0.08812 val 0.07446     lr 3.00e-04 4s patience 1/15
2026-08-17 04:27:33,995 │ INFO    │   e 64 train 0.08833 val 0.07447     lr 3.00e-04 4s patience 2/15
2026-08-17 04:27:38,261 │ INFO    │   e 65 train 0.08802 val 0.07483     lr 3.00e-04 4s patience 3/15
2026-08-17 04:27:42,542 │ INFO    │   e 66 train 0.08841 val 0.07471     lr 3.00e-04 4s patience 4/15
2026-08-17 04:27:46,854 │ INFO    │   e 67 train 0.08794 val 0.07453     lr 3.00e-04 4s patience 5/15
2026-08-17 04:27:51,125 │ INFO    │   e 68 train 0.08827 val 0.07450     lr 3.00e-04 4s patience 6/15
2026-08-17 04:27:55,402 │ INFO    │   e 69 train 0.08835 val 0.07547     lr 1.50e-04 4s patience 7/15
2026-08-17 04:27:59,773 │ INFO    │   e 70 train 0.08715 val 0.07389  ★ lr 1.50e-04 4s patience 0/15
2026-08-17 04:28:04,081 │ INFO    │   e 71 train 0.08688 val 0.07350  ★ lr 1.50e-04 4s patience 0/15
2026-08-17 04:28:08,339 │ INFO    │   e 72 train 0.08695 val 0.07371     lr 1.50e-04 4s patience 1/15
2026-08-17 04:28:12,734 │ INFO    │   e 73 train 0.08702 val 0.07336  ★ lr 1.50e-04 4s patience 0/15
2026-08-17 04:28:17,016 │ INFO    │   e 74 train 0.08700 val 0.07358     lr 1.50e-04 4s patience 1/15
2026-08-17 04:28:21,325 │ INFO    │   e 75 train 0.08679 val 0.07331  ★ lr 1.50e-04 4s patience 0/15
2026-08-17 04:28:25,624 │ INFO    │   e 76 train 0.08686 val 0.07352     lr 1.50e-04 4s patience 1/15
2026-08-17 04:28:29,965 │ INFO    │   e 77 train 0.08667 val 0.07285  ★ lr 1.50e-04 4s patience 0/15
2026-08-17 04:28:34,205 │ INFO    │   e 78 train 0.08676 val 0.07317     lr 1.50e-04 4s patience 1/15
2026-08-17 04:28:38,503 │ INFO    │   e 79 train 0.08659 val 0.07368     lr 1.50e-04 4s patience 2/15
2026-08-17 04:28:38,637 │ INFO    │ ✔ finished [MC-Dropout [xconf fold 3]] best_val=0.07285 @ epoch 77
2026-08-17 04:29:09,118 │ INFO    │   ▶ cross-conformal fold 5/5 — fit 2,912 / held-out 728 windows
2026-08-17 04:29:09,148 │ INFO    │ ▶ training [MC-Dropout [xconf fold 4]] — 2,912 train / 364 tune windows, 91 batches/epoch, from epoch 0
2026-08-17 04:29:13,380 │ INFO    │   e  0 train 0.22811 val 0.13880  ★ lr 3.00e-04 4s patience 0/15
2026-08-17 04:29:17,667 │ INFO    │   e  1 train 0.13974 val 0.10976  ★ lr 3.00e-04 4s patience 0/15
2026-08-17 04:29:22,040 │ INFO    │   e  2 train 0.12347 val 0.10306  ★ lr 3.00e-04 4s patience 0/15
2026-08-17 04:29:26,340 │ INFO    │   e  3 train 0.11794 val 0.09743  ★ lr 3.00e-04 4s patience 0/15
2026-08-17 04:29:30,617 │ INFO    │   e  4 train 0.11535 val 0.09406  ★ lr 3.00e-04 4s patience 0/15
2026-08-17 04:29:34,927 │ INFO    │   e  5 train 0.11248 val 0.09231  ★ lr 3.00e-04 4s patience 0/15
2026-08-17 04:29:39,263 │ INFO    │   e  6 train 0.11044 val 0.08970  ★ lr 3.00e-04 4s patience 0/15
2026-08-17 04:29:43,558 │ INFO    │   e  7 train 0.10860 val 0.08828  ★ lr 3.00e-04 4s patience 0/15
2026-08-17 04:29:47,872 │ INFO    │   e  8 train 0.10753 val 0.08609  ★ lr 3.00e-04 4s patience 0/15
2026-08-17 04:29:52,165 │ INFO    │   e  9 train 0.10629 val 0.08637     lr 3.00e-04 4s patience 1/15
2026-08-17 04:29:56,468 │ INFO    │   e 10 train 0.10531 val 0.08542  ★ lr 3.00e-04 4s patience 0/15
2026-08-17 04:30:00,710 │ INFO    │   e 11 train 0.10472 val 0.08549     lr 3.00e-04 4s patience 1/15
2026-08-17 04:30:05,077 │ INFO    │   e 12 train 0.10399 val 0.08423  ★ lr 3.00e-04 4s patience 0/15
2026-08-17 04:30:09,391 │ INFO    │   e 13 train 0.10301 val 0.08319  ★ lr 3.00e-04 4s patience 0/15
2026-08-17 04:30:13,702 │ INFO    │   e 14 train 0.10255 val 0.08224  ★ lr 3.00e-04 4s patience 0/15
2026-08-17 04:30:18,014 │ INFO    │   e 15 train 0.10247 val 0.08275     lr 3.00e-04 4s patience 1/15
2026-08-17 04:30:22,340 │ INFO    │   e 16 train 0.10140 val 0.08169  ★ lr 3.00e-04 4s patience 0/15
2026-08-17 04:30:26,634 │ INFO    │   e 17 train 0.10115 val 0.08112  ★ lr 3.00e-04 4s patience 0/15
2026-08-17 04:30:30,993 │ INFO    │   e 18 train 0.10108 val 0.08109  ★ lr 3.00e-04 4s patience 0/15
2026-08-17 04:30:35,326 │ INFO    │   e 19 train 0.10035 val 0.08027  ★ lr 3.00e-04 4s patience 0/15
2026-08-17 04:30:39,641 │ INFO    │   e 20 train 0.09968 val 0.07962  ★ lr 3.00e-04 4s patience 0/15
2026-08-17 04:30:43,919 │ INFO    │   e 21 train 0.09976 val 0.08043     lr 3.00e-04 4s patience 1/15
2026-08-17 04:30:48,215 │ INFO    │   e 22 train 0.09952 val 0.07981     lr 3.00e-04 4s patience 2/15
2026-08-17 04:30:52,523 │ INFO    │   e 23 train 0.09904 val 0.07902  ★ lr 3.00e-04 4s patience 0/15
2026-08-17 04:30:56,798 │ INFO    │   e 24 train 0.09902 val 0.08095     lr 3.00e-04 4s patience 1/15
2026-08-17 04:31:01,108 │ INFO    │   e 25 train 0.09876 val 0.08036     lr 3.00e-04 4s patience 2/15
2026-08-17 04:31:05,377 │ INFO    │   e 26 train 0.09845 val 0.07977     lr 3.00e-04 4s patience 3/15
2026-08-17 04:31:09,688 │ INFO    │   e 27 train 0.09846 val 0.07849  ★ lr 3.00e-04 4s patience 0/15
2026-08-17 04:31:14,004 │ INFO    │   e 28 train 0.09767 val 0.07876     lr 3.00e-04 4s patience 1/15
2026-08-17 04:31:18,279 │ INFO    │   e 29 train 0.09750 val 0.07977     lr 3.00e-04 4s patience 2/15
2026-08-17 04:31:22,528 │ INFO    │   e 30 train 0.09746 val 0.07889     lr 3.00e-04 4s patience 3/15
2026-08-17 04:31:26,871 │ INFO    │   e 31 train 0.09734 val 0.07792  ★ lr 3.00e-04 4s patience 0/15
2026-08-17 04:31:31,138 │ INFO    │   e 32 train 0.09692 val 0.07846     lr 3.00e-04 4s patience 1/15
2026-08-17 04:31:35,394 │ INFO    │   e 33 train 0.09680 val 0.07864     lr 3.00e-04 4s patience 2/15
2026-08-17 04:31:39,663 │ INFO    │   e 34 train 0.09655 val 0.07806     lr 3.00e-04 4s patience 3/15
2026-08-17 04:31:43,998 │ INFO    │   e 35 train 0.09621 val 0.07693  ★ lr 3.00e-04 4s patience 0/15
2026-08-17 04:31:48,235 │ INFO    │   e 36 train 0.09651 val 0.07816     lr 3.00e-04 4s patience 1/15
2026-08-17 04:31:52,501 │ INFO    │   e 37 train 0.09610 val 0.07858     lr 3.00e-04 4s patience 2/15
2026-08-17 04:31:56,778 │ INFO    │   e 38 train 0.09599 val 0.07762     lr 3.00e-04 4s patience 3/15
2026-08-17 04:32:01,069 │ INFO    │   e 39 train 0.09570 val 0.07654  ★ lr 3.00e-04 4s patience 0/15
2026-08-17 04:32:05,386 │ INFO    │   e 40 train 0.09565 val 0.07631  ★ lr 3.00e-04 4s patience 0/15
2026-08-17 04:32:09,717 │ INFO    │   e 41 train 0.09514 val 0.07636     lr 3.00e-04 4s patience 1/15
2026-08-17 04:32:13,955 │ INFO    │   e 42 train 0.09545 val 0.07683     lr 3.00e-04 4s patience 2/15
2026-08-17 04:32:18,249 │ INFO    │   e 43 train 0.09535 val 0.07607  ★ lr 3.00e-04 4s patience 0/15
2026-08-17 04:32:22,541 │ INFO    │   e 44 train 0.09526 val 0.07640     lr 3.00e-04 4s patience 1/15
2026-08-17 04:32:26,809 │ INFO    │   e 45 train 0.09468 val 0.07651     lr 3.00e-04 4s patience 2/15
2026-08-17 04:32:31,050 │ INFO    │   e 46 train 0.09470 val 0.07656     lr 3.00e-04 4s patience 3/15
2026-08-17 04:32:35,345 │ INFO    │   e 47 train 0.09495 val 0.07675     lr 3.00e-04 4s patience 4/15
2026-08-17 04:32:39,659 │ INFO    │   e 48 train 0.09431 val 0.07561  ★ lr 3.00e-04 4s patience 0/15
2026-08-17 04:32:43,900 │ INFO    │   e 49 train 0.09475 val 0.07603     lr 3.00e-04 4s patience 1/15
2026-08-17 04:32:48,188 │ INFO    │   e 50 train 0.09425 val 0.07582     lr 3.00e-04 4s patience 2/15
2026-08-17 04:32:52,532 │ INFO    │   e 51 train 0.09438 val 0.07522  ★ lr 3.00e-04 4s patience 0/15
2026-08-17 04:32:56,786 │ INFO    │   e 52 train 0.09378 val 0.07639     lr 3.00e-04 4s patience 1/15
2026-08-17 04:33:01,045 │ INFO    │   e 53 train 0.09440 val 0.07558     lr 3.00e-04 4s patience 2/15
2026-08-17 04:33:05,393 │ INFO    │   e 54 train 0.09370 val 0.07527     lr 3.00e-04 4s patience 3/15
2026-08-17 04:33:09,697 │ INFO    │   e 55 train 0.09368 val 0.07482  ★ lr 3.00e-04 4s patience 0/15
2026-08-17 04:33:14,012 │ INFO    │   e 56 train 0.09333 val 0.07470  ★ lr 3.00e-04 4s patience 0/15
2026-08-17 04:33:18,321 │ INFO    │   e 57 train 0.09354 val 0.07503     lr 3.00e-04 4s patience 1/15
2026-08-17 04:33:22,643 │ INFO    │   e 58 train 0.09314 val 0.07469  ★ lr 3.00e-04 4s patience 0/15
2026-08-17 04:33:26,884 │ INFO    │   e 59 train 0.09367 val 0.07570     lr 3.00e-04 4s patience 1/15
2026-08-17 04:33:31,177 │ INFO    │   e 60 train 0.09370 val 0.07491     lr 3.00e-04 4s patience 2/15
2026-08-17 04:33:35,478 │ INFO    │   e 61 train 0.09320 val 0.07593     lr 3.00e-04 4s patience 3/15
2026-08-17 04:33:39,800 │ INFO    │   e 62 train 0.09296 val 0.07398  ★ lr 3.00e-04 4s patience 0/15
2026-08-17 04:33:44,076 │ INFO    │   e 63 train 0.09262 val 0.07430     lr 3.00e-04 4s patience 1/15
2026-08-17 04:33:48,383 │ INFO    │   e 64 train 0.09281 val 0.07412     lr 3.00e-04 4s patience 2/15
2026-08-17 04:33:52,643 │ INFO    │   e 65 train 0.09281 val 0.07449     lr 3.00e-04 4s patience 3/15
2026-08-17 04:33:56,922 │ INFO    │   e 66 train 0.09256 val 0.07529     lr 3.00e-04 4s patience 4/15
2026-08-17 04:34:01,231 │ INFO    │   e 67 train 0.09256 val 0.07728     lr 3.00e-04 4s patience 5/15
2026-08-17 04:34:05,497 │ INFO    │   e 68 train 0.09284 val 0.07525     lr 3.00e-04 4s patience 6/15
2026-08-17 04:34:09,746 │ INFO    │   e 69 train 0.09324 val 0.07456     lr 1.50e-04 4s patience 7/15
2026-08-17 04:34:14,111 │ INFO    │   e 70 train 0.09168 val 0.07352  ★ lr 1.50e-04 4s patience 0/15
2026-08-17 04:34:18,425 │ INFO    │   e 71 train 0.09167 val 0.07349  ★ lr 1.50e-04 4s patience 0/15
2026-08-17 04:34:22,729 │ INFO    │   e 72 train 0.09148 val 0.07334  ★ lr 1.50e-04 4s patience 0/15
2026-08-17 04:34:27,089 │ INFO    │   e 73 train 0.09133 val 0.07313  ★ lr 1.50e-04 4s patience 0/15
2026-08-17 04:34:31,374 │ INFO    │   e 74 train 0.09141 val 0.07376     lr 1.50e-04 4s patience 1/15
2026-08-17 04:34:35,640 │ INFO    │   e 75 train 0.09132 val 0.07342     lr 1.50e-04 4s patience 2/15
2026-08-17 04:34:39,942 │ INFO    │   e 76 train 0.09134 val 0.07331     lr 1.50e-04 4s patience 3/15
2026-08-17 04:34:44,238 │ INFO    │   e 77 train 0.09121 val 0.07323     lr 1.50e-04 4s patience 4/15
2026-08-17 04:34:48,557 │ INFO    │   e 78 train 0.09115 val 0.07291  ★ lr 1.50e-04 4s patience 0/15
2026-08-17 04:34:52,826 │ INFO    │   e 79 train 0.09110 val 0.07339     lr 1.50e-04 4s patience 1/15
2026-08-17 04:34:52,949 │ INFO    │ ✔ finished [MC-Dropout [xconf fold 4]] best_val=0.07291 @ epoch 78
2026-08-17 04:35:25,590 │ INFO    │ ✔ cross-conformal [MC-Dropout]: 4,171,440 pooled held-out scores × 2 channels
2026-08-17 04:35:29,252 │ INFO    │ ▶ training [Ensemble member 0] — 3,640 train / 364 tune windows, 114 batches/epoch, from epoch 0
2026-08-17 04:35:34,739 │ INFO    │   e  0 train 0.20915 val 0.13086  ★ lr 3.00e-04 5s patience 0/15
2026-08-17 04:35:40,141 │ INFO    │   e  1 train 0.12972 val 0.10475  ★ lr 3.00e-04 5s patience 0/15
2026-08-17 04:35:45,441 │ INFO    │   e  2 train 0.11750 val 0.09829  ★ lr 3.00e-04 5s patience 0/15
2026-08-17 04:35:50,825 │ INFO    │   e  3 train 0.11311 val 0.09437  ★ lr 3.00e-04 5s patience 0/15
2026-08-17 04:35:56,190 │ INFO    │   e  4 train 0.10958 val 0.08979  ★ lr 3.00e-04 5s patience 0/15
2026-08-17 04:36:01,560 │ INFO    │   e  5 train 0.10685 val 0.08790  ★ lr 3.00e-04 5s patience 0/15
2026-08-17 04:36:07,001 │ INFO    │   e  6 train 0.10605 val 0.08752  ★ lr 3.00e-04 5s patience 0/15
2026-08-17 04:36:12,345 │ INFO    │   e  7 train 0.10405 val 0.08481  ★ lr 3.00e-04 5s patience 0/15
2026-08-17 04:36:17,721 │ INFO    │   e  8 train 0.10259 val 0.08429  ★ lr 3.00e-04 5s patience 0/15
2026-08-17 04:36:23,107 │ INFO    │   e  9 train 0.10163 val 0.08347  ★ lr 3.00e-04 5s patience 0/15
2026-08-17 04:36:28,439 │ INFO    │   e 10 train 0.10072 val 0.08208  ★ lr 3.00e-04 5s patience 0/15
2026-08-17 04:36:33,768 │ INFO    │   e 11 train 0.09998 val 0.08242     lr 3.00e-04 5s patience 1/15
2026-08-17 04:36:39,087 │ INFO    │   e 12 train 0.09928 val 0.08102  ★ lr 3.00e-04 5s patience 0/15
2026-08-17 04:36:44,411 │ INFO    │   e 13 train 0.09876 val 0.08016  ★ lr 3.00e-04 5s patience 0/15
2026-08-17 04:36:49,742 │ INFO    │   e 14 train 0.09795 val 0.07982  ★ lr 3.00e-04 5s patience 0/15
2026-08-17 04:36:55,027 │ INFO    │   e 15 train 0.09792 val 0.07963  ★ lr 3.00e-04 5s patience 0/15
2026-08-17 04:37:00,334 │ INFO    │   e 16 train 0.09727 val 0.08169     lr 3.00e-04 5s patience 1/15
2026-08-17 04:37:05,686 │ INFO    │   e 17 train 0.09704 val 0.07845  ★ lr 3.00e-04 5s patience 0/15
2026-08-17 04:37:10,932 │ INFO    │   e 18 train 0.09668 val 0.07907     lr 3.00e-04 5s patience 1/15
2026-08-17 04:37:16,341 │ INFO    │   e 19 train 0.09630 val 0.07828  ★ lr 3.00e-04 5s patience 0/15
2026-08-17 04:37:21,649 │ INFO    │   e 20 train 0.09562 val 0.07785  ★ lr 3.00e-04 5s patience 0/15
2026-08-17 04:37:26,931 │ INFO    │   e 21 train 0.09549 val 0.07837     lr 3.00e-04 5s patience 1/15
2026-08-17 04:37:32,278 │ INFO    │   e 22 train 0.09540 val 0.07757  ★ lr 3.00e-04 5s patience 0/15
2026-08-17 04:37:37,587 │ INFO    │   e 23 train 0.09491 val 0.07708  ★ lr 3.00e-04 5s patience 0/15
2026-08-17 04:37:42,908 │ INFO    │   e 24 train 0.09450 val 0.07803     lr 3.00e-04 5s patience 1/15
2026-08-17 04:37:48,212 │ INFO    │   e 25 train 0.09448 val 0.07676  ★ lr 3.00e-04 5s patience 0/15
2026-08-17 04:37:53,558 │ INFO    │   e 26 train 0.09408 val 0.07650  ★ lr 3.00e-04 5s patience 0/15
2026-08-17 04:37:58,943 │ INFO    │   e 27 train 0.09392 val 0.07586  ★ lr 3.00e-04 5s patience 0/15
2026-08-17 04:38:04,216 │ INFO    │   e 28 train 0.09370 val 0.07605     lr 3.00e-04 5s patience 1/15
2026-08-17 04:38:09,554 │ INFO    │   e 29 train 0.09360 val 0.07712     lr 3.00e-04 5s patience 2/15
2026-08-17 04:38:14,875 │ INFO    │   e 30 train 0.09374 val 0.07747     lr 3.00e-04 5s patience 3/15
2026-08-17 04:38:20,148 │ INFO    │   e 31 train 0.09360 val 0.07618     lr 3.00e-04 5s patience 4/15
2026-08-17 04:38:25,467 │ INFO    │   e 32 train 0.09331 val 0.07725     lr 3.00e-04 5s patience 5/15
2026-08-17 04:38:30,762 │ INFO    │   e 33 train 0.09309 val 0.07547  ★ lr 3.00e-04 5s patience 0/15
2026-08-17 04:38:36,126 │ INFO    │   e 34 train 0.09274 val 0.07538  ★ lr 3.00e-04 5s patience 0/15
2026-08-17 04:38:41,424 │ INFO    │   e 35 train 0.09251 val 0.07620     lr 3.00e-04 5s patience 1/15
2026-08-17 04:38:46,684 │ INFO    │   e 36 train 0.09230 val 0.07578     lr 3.00e-04 5s patience 2/15
2026-08-17 04:38:52,004 │ INFO    │   e 37 train 0.09215 val 0.07716     lr 3.00e-04 5s patience 3/15
2026-08-17 04:38:57,357 │ INFO    │   e 38 train 0.09219 val 0.07515  ★ lr 3.00e-04 5s patience 0/15
2026-08-17 04:39:02,670 │ INFO    │   e 39 train 0.09221 val 0.07430  ★ lr 3.00e-04 5s patience 0/15
2026-08-17 04:39:08,042 │ INFO    │   e 40 train 0.09192 val 0.07425  ★ lr 3.00e-04 5s patience 0/15
2026-08-17 04:39:13,309 │ INFO    │   e 41 train 0.09184 val 0.07452     lr 3.00e-04 5s patience 1/15
2026-08-17 04:39:18,613 │ INFO    │   e 42 train 0.09175 val 0.07499     lr 3.00e-04 5s patience 2/15
2026-08-17 04:39:23,916 │ INFO    │   e 43 train 0.09149 val 0.07459     lr 3.00e-04 5s patience 3/15
2026-08-17 04:39:29,234 │ INFO    │   e 44 train 0.09157 val 0.07381  ★ lr 3.00e-04 5s patience 0/15
2026-08-17 04:39:34,583 │ INFO    │   e 45 train 0.09132 val 0.07467     lr 3.00e-04 5s patience 1/15
2026-08-17 04:39:39,856 │ INFO    │   e 46 train 0.09148 val 0.07396     lr 3.00e-04 5s patience 2/15
2026-08-17 04:39:45,152 │ INFO    │   e 47 train 0.09085 val 0.07423     lr 3.00e-04 5s patience 3/15
2026-08-17 04:39:50,512 │ INFO    │   e 48 train 0.09073 val 0.07360  ★ lr 3.00e-04 5s patience 0/15
2026-08-17 04:39:55,809 │ INFO    │   e 49 train 0.09076 val 0.07428     lr 3.00e-04 5s patience 1/15
2026-08-17 04:40:01,188 │ INFO    │   e 50 train 0.09088 val 0.07305  ★ lr 3.00e-04 5s patience 0/15
2026-08-17 04:40:06,504 │ INFO    │   e 51 train 0.09057 val 0.07316     lr 3.00e-04 5s patience 1/15
2026-08-17 04:40:11,793 │ INFO    │   e 52 train 0.09045 val 0.07455     lr 3.00e-04 5s patience 2/15
2026-08-17 04:40:17,156 │ INFO    │   e 53 train 0.09026 val 0.07403     lr 3.00e-04 5s patience 3/15
2026-08-17 04:40:22,473 │ INFO    │   e 54 train 0.09072 val 0.07295  ★ lr 3.00e-04 5s patience 0/15
2026-08-17 04:40:27,785 │ INFO    │   e 55 train 0.09027 val 0.07459     lr 3.00e-04 5s patience 1/15
2026-08-17 04:40:33,085 │ INFO    │   e 56 train 0.09012 val 0.07429     lr 3.00e-04 5s patience 2/15
2026-08-17 04:40:38,433 │ INFO    │   e 57 train 0.09017 val 0.07256  ★ lr 3.00e-04 5s patience 0/15
2026-08-17 04:40:43,770 │ INFO    │   e 58 train 0.09004 val 0.07450     lr 3.00e-04 5s patience 1/15
2026-08-17 04:40:49,051 │ INFO    │   e 59 train 0.08993 val 0.07277     lr 3.00e-04 5s patience 2/15
2026-08-17 04:40:54,356 │ INFO    │   e 60 train 0.08982 val 0.07290     lr 3.00e-04 5s patience 3/15
2026-08-17 04:40:59,708 │ INFO    │   e 61 train 0.08986 val 0.07320     lr 3.00e-04 5s patience 4/15
2026-08-17 04:41:05,006 │ INFO    │   e 62 train 0.08978 val 0.07257     lr 3.00e-04 5s patience 5/15
2026-08-17 04:41:10,352 │ INFO    │   e 63 train 0.08986 val 0.07319     lr 3.00e-04 5s patience 6/15
2026-08-17 04:41:15,708 │ INFO    │   e 64 train 0.08941 val 0.07226  ★ lr 3.00e-04 5s patience 0/15
2026-08-17 04:41:21,002 │ INFO    │   e 65 train 0.08960 val 0.07243     lr 3.00e-04 5s patience 1/15
2026-08-17 04:41:26,356 │ INFO    │   e 66 train 0.08962 val 0.07249     lr 3.00e-04 5s patience 2/15
2026-08-17 04:41:31,678 │ INFO    │   e 67 train 0.08967 val 0.07219  ★ lr 3.00e-04 5s patience 0/15
2026-08-17 04:41:36,997 │ INFO    │   e 68 train 0.08942 val 0.07417     lr 3.00e-04 5s patience 1/15
2026-08-17 04:41:42,351 │ INFO    │   e 69 train 0.08921 val 0.07213  ★ lr 3.00e-04 5s patience 0/15
2026-08-17 04:41:47,680 │ INFO    │   e 70 train 0.08919 val 0.07198  ★ lr 3.00e-04 5s patience 0/15
2026-08-17 04:41:53,010 │ INFO    │   e 71 train 0.08908 val 0.07251     lr 3.00e-04 5s patience 1/15
2026-08-17 04:41:58,357 │ INFO    │   e 72 train 0.08881 val 0.07159  ★ lr 3.00e-04 5s patience 0/15
2026-08-17 04:42:03,652 │ INFO    │   e 73 train 0.08910 val 0.07226     lr 3.00e-04 5s patience 1/15
2026-08-17 04:42:08,999 │ INFO    │   e 74 train 0.08892 val 0.07224     lr 3.00e-04 5s patience 2/15
2026-08-17 04:42:14,285 │ INFO    │   e 75 train 0.08860 val 0.07195     lr 3.00e-04 5s patience 3/15
2026-08-17 04:42:19,620 │ INFO    │   e 76 train 0.08868 val 0.07200     lr 3.00e-04 5s patience 4/15
2026-08-17 04:42:24,917 │ INFO    │   e 77 train 0.08858 val 0.07215     lr 3.00e-04 5s patience 5/15
2026-08-17 04:42:30,198 │ INFO    │   e 78 train 0.08841 val 0.07291     lr 3.00e-04 5s patience 6/15
2026-08-17 04:42:35,541 │ INFO    │   e 79 train 0.08868 val 0.07410     lr 1.50e-04 5s patience 7/15
2026-08-17 04:42:35,674 │ INFO    │ ✔ finished [Ensemble member 0] best_val=0.07159 @ epoch 72
2026-08-17 04:42:35,732 │ INFO    │ ▶ training [Ensemble member 1] — 3,640 train / 364 tune windows, 114 batches/epoch, from epoch 0
2026-08-17 04:42:40,990 │ INFO    │   e  0 train 0.20374 val 0.13052  ★ lr 3.00e-04 5s patience 0/15
2026-08-17 04:42:46,333 │ INFO    │   e  1 train 0.12806 val 0.10264  ★ lr 3.00e-04 5s patience 0/15
2026-08-17 04:42:51,719 │ INFO    │   e  2 train 0.11656 val 0.09783  ★ lr 3.00e-04 5s patience 0/15
2026-08-17 04:42:57,031 │ INFO    │   e  3 train 0.11262 val 0.09575  ★ lr 3.00e-04 5s patience 0/15
2026-08-17 04:43:02,389 │ INFO    │   e  4 train 0.10950 val 0.09036  ★ lr 3.00e-04 5s patience 0/15
2026-08-17 04:43:07,718 │ INFO    │   e  5 train 0.10696 val 0.08824  ★ lr 3.00e-04 5s patience 0/15
2026-08-17 04:43:13,024 │ INFO    │   e  6 train 0.10615 val 0.08948     lr 3.00e-04 5s patience 1/15
2026-08-17 04:43:18,396 │ INFO    │   e  7 train 0.10440 val 0.08657  ★ lr 3.00e-04 5s patience 0/15
2026-08-17 04:43:23,744 │ INFO    │   e  8 train 0.10288 val 0.08423  ★ lr 3.00e-04 5s patience 0/15
2026-08-17 04:43:29,120 │ INFO    │   e  9 train 0.10192 val 0.08434     lr 3.00e-04 5s patience 1/15
2026-08-17 04:43:34,518 │ INFO    │   e 10 train 0.10102 val 0.08350  ★ lr 3.00e-04 5s patience 0/15
2026-08-17 04:43:39,856 │ INFO    │   e 11 train 0.10056 val 0.08260  ★ lr 3.00e-04 5s patience 0/15
2026-08-17 04:43:45,257 │ INFO    │   e 12 train 0.09977 val 0.08244  ★ lr 3.00e-04 5s patience 0/15
2026-08-17 04:43:50,580 │ INFO    │   e 13 train 0.09946 val 0.08127  ★ lr 3.00e-04 5s patience 0/15
2026-08-17 04:43:55,952 │ INFO    │   e 14 train 0.09844 val 0.08040  ★ lr 3.00e-04 5s patience 0/15
2026-08-17 04:44:01,321 │ INFO    │   e 15 train 0.09862 val 0.08020  ★ lr 3.00e-04 5s patience 0/15
2026-08-17 04:44:06,595 │ INFO    │   e 16 train 0.09771 val 0.08158     lr 3.00e-04 5s patience 1/15
2026-08-17 04:44:12,006 │ INFO    │   e 17 train 0.09722 val 0.07943  ★ lr 3.00e-04 5s patience 0/15
2026-08-17 04:44:17,289 │ INFO    │   e 18 train 0.09706 val 0.08001     lr 3.00e-04 5s patience 1/15
2026-08-17 04:44:22,656 │ INFO    │   e 19 train 0.09675 val 0.07903  ★ lr 3.00e-04 5s patience 0/15
2026-08-17 04:44:27,958 │ INFO    │   e 20 train 0.09612 val 0.07987     lr 3.00e-04 5s patience 1/15
2026-08-17 04:44:33,286 │ INFO    │   e 21 train 0.09590 val 0.07879  ★ lr 3.00e-04 5s patience 0/15
2026-08-17 04:44:38,687 │ INFO    │   e 22 train 0.09556 val 0.07810  ★ lr 3.00e-04 5s patience 0/15
2026-08-17 04:44:44,021 │ INFO    │   e 23 train 0.09538 val 0.07766  ★ lr 3.00e-04 5s patience 0/15
2026-08-17 04:44:49,369 │ INFO    │   e 24 train 0.09474 val 0.07747  ★ lr 3.00e-04 5s patience 0/15
2026-08-17 04:44:54,716 │ INFO    │   e 25 train 0.09481 val 0.07763     lr 3.00e-04 5s patience 1/15
2026-08-17 04:45:00,056 │ INFO    │   e 26 train 0.09429 val 0.07695  ★ lr 3.00e-04 5s patience 0/15
2026-08-17 04:45:05,415 │ INFO    │   e 27 train 0.09423 val 0.07642  ★ lr 3.00e-04 5s patience 0/15
2026-08-17 04:45:10,711 │ INFO    │   e 28 train 0.09417 val 0.07681     lr 3.00e-04 5s patience 1/15
2026-08-17 04:45:15,991 │ INFO    │   e 29 train 0.09377 val 0.07793     lr 3.00e-04 5s patience 2/15
2026-08-17 04:45:21,328 │ INFO    │   e 30 train 0.09384 val 0.07701     lr 3.00e-04 5s patience 3/15
2026-08-17 04:45:26,602 │ INFO    │   e 31 train 0.09396 val 0.07756     lr 3.00e-04 5s patience 4/15
2026-08-17 04:45:31,905 │ INFO    │   e 32 train 0.09355 val 0.07828     lr 3.00e-04 5s patience 5/15
2026-08-17 04:45:37,257 │ INFO    │   e 33 train 0.09329 val 0.07620  ★ lr 3.00e-04 5s patience 0/15
2026-08-17 04:45:42,583 │ INFO    │   e 34 train 0.09297 val 0.07577  ★ lr 3.00e-04 5s patience 0/15
2026-08-17 04:45:47,911 │ INFO    │   e 35 train 0.09286 val 0.07700     lr 3.00e-04 5s patience 1/15
2026-08-17 04:45:53,255 │ INFO    │   e 36 train 0.09256 val 0.07564  ★ lr 3.00e-04 5s patience 0/15
2026-08-17 04:45:58,532 │ INFO    │   e 37 train 0.09230 val 0.07648     lr 3.00e-04 5s patience 1/15
2026-08-17 04:46:03,885 │ INFO    │   e 38 train 0.09234 val 0.07567     lr 3.00e-04 5s patience 2/15
2026-08-17 04:46:09,208 │ INFO    │   e 39 train 0.09225 val 0.07510  ★ lr 3.00e-04 5s patience 0/15
2026-08-17 04:46:14,529 │ INFO    │   e 40 train 0.09205 val 0.07555     lr 3.00e-04 5s patience 1/15
2026-08-17 04:46:19,901 │ INFO    │   e 41 train 0.09200 val 0.07497  ★ lr 3.00e-04 5s patience 0/15
2026-08-17 04:46:25,187 │ INFO    │   e 42 train 0.09174 val 0.07533     lr 3.00e-04 5s patience 1/15
2026-08-17 04:46:30,554 │ INFO    │   e 43 train 0.09187 val 0.07670     lr 3.00e-04 5s patience 2/15
2026-08-17 04:46:35,927 │ INFO    │   e 44 train 0.09219 val 0.07476  ★ lr 3.00e-04 5s patience 0/15
2026-08-17 04:46:41,245 │ INFO    │   e 45 train 0.09152 val 0.07581     lr 3.00e-04 5s patience 1/15
2026-08-17 04:46:46,630 │ INFO    │   e 46 train 0.09142 val 0.07429  ★ lr 3.00e-04 5s patience 0/15
2026-08-17 04:46:51,965 │ INFO    │   e 47 train 0.09096 val 0.07427  ★ lr 3.00e-04 5s patience 0/15
2026-08-17 04:46:57,306 │ INFO    │   e 48 train 0.09103 val 0.07500     lr 3.00e-04 5s patience 1/15
2026-08-17 04:47:02,595 │ INFO    │   e 49 train 0.09094 val 0.07476     lr 3.00e-04 5s patience 2/15
2026-08-17 04:47:07,922 │ INFO    │   e 50 train 0.09087 val 0.07322  ★ lr 3.00e-04 5s patience 0/15
2026-08-17 04:47:13,280 │ INFO    │   e 51 train 0.09082 val 0.07378     lr 3.00e-04 5s patience 1/15
2026-08-17 04:47:18,559 │ INFO    │   e 52 train 0.09073 val 0.07431     lr 3.00e-04 5s patience 2/15
2026-08-17 04:47:23,874 │ INFO    │   e 53 train 0.09054 val 0.07410     lr 3.00e-04 5s patience 3/15
2026-08-17 04:47:29,177 │ INFO    │   e 54 train 0.09057 val 0.07341     lr 3.00e-04 5s patience 4/15
2026-08-17 04:47:34,444 │ INFO    │   e 55 train 0.09050 val 0.07382     lr 3.00e-04 5s patience 5/15
2026-08-17 04:47:39,783 │ INFO    │   e 56 train 0.09025 val 0.07388     lr 3.00e-04 5s patience 6/15
2026-08-17 04:47:45,096 │ INFO    │   e 57 train 0.09009 val 0.07304  ★ lr 3.00e-04 5s patience 0/15
2026-08-17 04:47:50,380 │ INFO    │   e 58 train 0.08991 val 0.07530     lr 3.00e-04 5s patience 1/15
2026-08-17 04:47:55,701 │ INFO    │   e 59 train 0.09012 val 0.07329     lr 3.00e-04 5s patience 2/15
2026-08-17 04:48:00,989 │ INFO    │   e 60 train 0.08982 val 0.07350     lr 3.00e-04 5s patience 3/15
2026-08-17 04:48:06,314 │ INFO    │   e 61 train 0.09026 val 0.07361     lr 3.00e-04 5s patience 4/15
2026-08-17 04:48:11,671 │ INFO    │   e 62 train 0.08979 val 0.07278  ★ lr 3.00e-04 5s patience 0/15
2026-08-17 04:48:16,943 │ INFO    │   e 63 train 0.08970 val 0.07311     lr 3.00e-04 5s patience 1/15
2026-08-17 04:48:22,284 │ INFO    │   e 64 train 0.08986 val 0.07342     lr 3.00e-04 5s patience 2/15
2026-08-17 04:48:27,582 │ INFO    │   e 65 train 0.08971 val 0.07372     lr 3.00e-04 5s patience 3/15
2026-08-17 04:48:32,913 │ INFO    │   e 66 train 0.08984 val 0.07308     lr 3.00e-04 5s patience 4/15
2026-08-17 04:48:38,271 │ INFO    │   e 67 train 0.08959 val 0.07279     lr 3.00e-04 5s patience 5/15
2026-08-17 04:48:43,619 │ INFO    │   e 68 train 0.08963 val 0.07271  ★ lr 3.00e-04 5s patience 0/15
2026-08-17 04:48:48,944 │ INFO    │   e 69 train 0.08945 val 0.07333     lr 3.00e-04 5s patience 1/15
2026-08-17 04:48:54,280 │ INFO    │   e 70 train 0.08927 val 0.07221  ★ lr 3.00e-04 5s patience 0/15
2026-08-17 04:48:59,586 │ INFO    │   e 71 train 0.08929 val 0.07252     lr 3.00e-04 5s patience 1/15
2026-08-17 04:49:04,927 │ INFO    │   e 72 train 0.08891 val 0.07249     lr 3.00e-04 5s patience 2/15
2026-08-17 04:49:10,207 │ INFO    │   e 73 train 0.08896 val 0.07309     lr 3.00e-04 5s patience 3/15
2026-08-17 04:49:15,536 │ INFO    │   e 74 train 0.08914 val 0.07361     lr 3.00e-04 5s patience 4/15
2026-08-17 04:49:20,836 │ INFO    │   e 75 train 0.08878 val 0.07279     lr 3.00e-04 5s patience 5/15
2026-08-17 04:49:26,113 │ INFO    │   e 76 train 0.08903 val 0.07304     lr 3.00e-04 5s patience 6/15
2026-08-17 04:49:31,445 │ INFO    │   e 77 train 0.08883 val 0.07323     lr 1.50e-04 5s patience 7/15
2026-08-17 04:49:36,759 │ INFO    │   e 78 train 0.08811 val 0.07162  ★ lr 1.50e-04 5s patience 0/15
2026-08-17 04:49:42,069 │ INFO    │   e 79 train 0.08811 val 0.07241     lr 1.50e-04 5s patience 1/15
2026-08-17 04:49:42,193 │ INFO    │ ✔ finished [Ensemble member 1] best_val=0.07162 @ epoch 78
2026-08-17 04:49:42,261 │ INFO    │ ▶ training [Ensemble member 2] — 3,640 train / 364 tune windows, 114 batches/epoch, from epoch 0
2026-08-17 04:49:47,526 │ INFO    │   e  0 train 0.20303 val 0.12270  ★ lr 3.00e-04 5s patience 0/15
2026-08-17 04:49:52,850 │ INFO    │   e  1 train 0.12736 val 0.10447  ★ lr 3.00e-04 5s patience 0/15
2026-08-17 04:49:58,237 │ INFO    │   e  2 train 0.11690 val 0.09840  ★ lr 3.00e-04 5s patience 0/15
2026-08-17 04:50:03,541 │ INFO    │   e  3 train 0.11279 val 0.09542  ★ lr 3.00e-04 5s patience 0/15
2026-08-17 04:50:08,874 │ INFO    │   e  4 train 0.10947 val 0.09018  ★ lr 3.00e-04 5s patience 0/15
2026-08-17 04:50:14,226 │ INFO    │   e  5 train 0.10720 val 0.08794  ★ lr 3.00e-04 5s patience 0/15
2026-08-17 04:50:19,482 │ INFO    │   e  6 train 0.10634 val 0.08824     lr 3.00e-04 5s patience 1/15
2026-08-17 04:50:24,846 │ INFO    │   e  7 train 0.10454 val 0.08529  ★ lr 3.00e-04 5s patience 0/15
2026-08-17 04:50:30,197 │ INFO    │   e  8 train 0.10296 val 0.08388  ★ lr 3.00e-04 5s patience 0/15
2026-08-17 04:50:35,549 │ INFO    │   e  9 train 0.10199 val 0.08370  ★ lr 3.00e-04 5s patience 0/15
2026-08-17 04:50:40,901 │ INFO    │   e 10 train 0.10118 val 0.08235  ★ lr 3.00e-04 5s patience 0/15
2026-08-17 04:50:46,229 │ INFO    │   e 11 train 0.10029 val 0.08152  ★ lr 3.00e-04 5s patience 0/15
2026-08-17 04:50:51,524 │ INFO    │   e 12 train 0.09972 val 0.08187     lr 3.00e-04 5s patience 1/15
2026-08-17 04:50:56,875 │ INFO    │   e 13 train 0.09958 val 0.08100  ★ lr 3.00e-04 5s patience 0/15
2026-08-17 04:51:02,180 │ INFO    │   e 14 train 0.09862 val 0.08040  ★ lr 3.00e-04 5s patience 0/15
2026-08-17 04:51:07,557 │ INFO    │   e 15 train 0.09849 val 0.07972  ★ lr 3.00e-04 5s patience 0/15
2026-08-17 04:51:12,814 │ INFO    │   e 16 train 0.09791 val 0.08062     lr 3.00e-04 5s patience 1/15
2026-08-17 04:51:18,168 │ INFO    │   e 17 train 0.09731 val 0.07888  ★ lr 3.00e-04 5s patience 0/15
2026-08-17 04:51:23,500 │ INFO    │   e 18 train 0.09727 val 0.07928     lr 3.00e-04 5s patience 1/15
2026-08-17 04:51:28,817 │ INFO    │   e 19 train 0.09669 val 0.07885  ★ lr 3.00e-04 5s patience 0/15
2026-08-17 04:51:34,142 │ INFO    │   e 20 train 0.09627 val 0.07959     lr 3.00e-04 5s patience 1/15
2026-08-17 04:51:39,476 │ INFO    │   e 21 train 0.09609 val 0.07815  ★ lr 3.00e-04 5s patience 0/15
2026-08-17 04:51:44,776 │ INFO    │   e 22 train 0.09576 val 0.07821     lr 3.00e-04 5s patience 1/15
2026-08-17 04:51:50,170 │ INFO    │   e 23 train 0.09537 val 0.07764  ★ lr 3.00e-04 5s patience 0/15
2026-08-17 04:51:55,434 │ INFO    │   e 24 train 0.09520 val 0.07849     lr 3.00e-04 5s patience 1/15
2026-08-17 04:52:00,793 │ INFO    │   e 25 train 0.09509 val 0.07735  ★ lr 3.00e-04 5s patience 0/15
2026-08-17 04:52:06,162 │ INFO    │   e 26 train 0.09439 val 0.07733  ★ lr 3.00e-04 5s patience 0/15
2026-08-17 04:52:11,490 │ INFO    │   e 27 train 0.09445 val 0.07638  ★ lr 3.00e-04 5s patience 0/15
2026-08-17 04:52:16,883 │ INFO    │   e 28 train 0.09425 val 0.07636  ★ lr 3.00e-04 5s patience 0/15
2026-08-17 04:52:22,150 │ INFO    │   e 29 train 0.09384 val 0.07832     lr 3.00e-04 5s patience 1/15
2026-08-17 04:52:27,441 │ INFO    │   e 30 train 0.09407 val 0.07684     lr 3.00e-04 5s patience 2/15
2026-08-17 04:52:32,753 │ INFO    │   e 31 train 0.09411 val 0.07650     lr 3.00e-04 5s patience 3/15
2026-08-17 04:52:38,076 │ INFO    │   e 32 train 0.09351 val 0.07582  ★ lr 3.00e-04 5s patience 0/15
2026-08-17 04:52:43,403 │ INFO    │   e 33 train 0.09313 val 0.07602     lr 3.00e-04 5s patience 1/15
2026-08-17 04:52:48,755 │ INFO    │   e 34 train 0.09317 val 0.07522  ★ lr 3.00e-04 5s patience 0/15
2026-08-17 04:52:54,041 │ INFO    │   e 35 train 0.09299 val 0.07718     lr 3.00e-04 5s patience 1/15
2026-08-17 04:52:59,394 │ INFO    │   e 36 train 0.09282 val 0.07552     lr 3.00e-04 5s patience 2/15
2026-08-17 04:53:04,674 │ INFO    │   e 37 train 0.09280 val 0.07575     lr 3.00e-04 5s patience 3/15
2026-08-17 04:53:09,994 │ INFO    │   e 38 train 0.09262 val 0.07563     lr 3.00e-04 5s patience 4/15
2026-08-17 04:53:15,381 │ INFO    │   e 39 train 0.09276 val 0.07512  ★ lr 3.00e-04 5s patience 0/15
2026-08-17 04:53:20,669 │ INFO    │   e 40 train 0.09233 val 0.07522     lr 3.00e-04 5s patience 1/15
2026-08-17 04:53:26,088 │ INFO    │   e 41 train 0.09230 val 0.07449  ★ lr 3.00e-04 5s patience 0/15
2026-08-17 04:53:31,358 │ INFO    │   e 42 train 0.09195 val 0.07484     lr 3.00e-04 5s patience 1/15
2026-08-17 04:53:36,721 │ INFO    │   e 43 train 0.09179 val 0.07434  ★ lr 3.00e-04 5s patience 0/15
2026-08-17 04:53:42,093 │ INFO    │   e 44 train 0.09205 val 0.07401  ★ lr 3.00e-04 5s patience 0/15
2026-08-17 04:53:47,393 │ INFO    │   e 45 train 0.09155 val 0.07453     lr 3.00e-04 5s patience 1/15
2026-08-17 04:53:52,778 │ INFO    │   e 46 train 0.09170 val 0.07445     lr 3.00e-04 5s patience 2/15
2026-08-17 04:53:58,102 │ INFO    │   e 47 train 0.09133 val 0.07386  ★ lr 3.00e-04 5s patience 0/15
2026-08-17 04:54:03,379 │ INFO    │   e 48 train 0.09134 val 0.07433     lr 3.00e-04 5s patience 1/15
2026-08-17 04:54:08,700 │ INFO    │   e 49 train 0.09129 val 0.07417     lr 3.00e-04 5s patience 2/15
2026-08-17 04:54:14,020 │ INFO    │   e 50 train 0.09102 val 0.07375  ★ lr 3.00e-04 5s patience 0/15
2026-08-17 04:54:19,330 │ INFO    │   e 51 train 0.09121 val 0.07403     lr 3.00e-04 5s patience 1/15
2026-08-17 04:54:24,654 │ INFO    │   e 52 train 0.09077 val 0.07382     lr 3.00e-04 5s patience 2/15
2026-08-17 04:54:29,937 │ INFO    │   e 53 train 0.09056 val 0.07507     lr 3.00e-04 5s patience 3/15
2026-08-17 04:54:35,345 │ INFO    │   e 54 train 0.09085 val 0.07356  ★ lr 3.00e-04 5s patience 0/15
2026-08-17 04:54:40,637 │ INFO    │   e 55 train 0.09072 val 0.07418     lr 3.00e-04 5s patience 1/15
2026-08-17 04:54:45,974 │ INFO    │   e 56 train 0.09048 val 0.07510     lr 3.00e-04 5s patience 2/15
2026-08-17 04:54:51,358 │ INFO    │   e 57 train 0.09062 val 0.07329  ★ lr 3.00e-04 5s patience 0/15
2026-08-17 04:54:56,667 │ INFO    │   e 58 train 0.09033 val 0.07361     lr 3.00e-04 5s patience 1/15
2026-08-17 04:55:02,055 │ INFO    │   e 59 train 0.09010 val 0.07298  ★ lr 3.00e-04 5s patience 0/15
2026-08-17 04:55:07,335 │ INFO    │   e 60 train 0.09021 val 0.07301     lr 3.00e-04 5s patience 1/15
2026-08-17 04:55:12,668 │ INFO    │   e 61 train 0.09025 val 0.07264  ★ lr 3.00e-04 5s patience 0/15
2026-08-17 04:55:17,987 │ INFO    │   e 62 train 0.09027 val 0.07284     lr 3.00e-04 5s patience 1/15
2026-08-17 04:55:23,277 │ INFO    │   e 63 train 0.09013 val 0.07296     lr 3.00e-04 5s patience 2/15
2026-08-17 04:55:28,592 │ INFO    │   e 64 train 0.08993 val 0.07283     lr 3.00e-04 5s patience 3/15
2026-08-17 04:55:33,970 │ INFO    │   e 65 train 0.09002 val 0.07253  ★ lr 3.00e-04 5s patience 0/15
2026-08-17 04:55:39,243 │ INFO    │   e 66 train 0.08970 val 0.07282     lr 3.00e-04 5s patience 1/15
2026-08-17 04:55:44,589 │ INFO    │   e 67 train 0.08967 val 0.07269     lr 3.00e-04 5s patience 2/15
2026-08-17 04:55:49,862 │ INFO    │   e 68 train 0.08961 val 0.07271     lr 3.00e-04 5s patience 3/15
2026-08-17 04:55:55,171 │ INFO    │   e 69 train 0.08948 val 0.07269     lr 3.00e-04 5s patience 4/15
2026-08-17 04:56:00,538 │ INFO    │   e 70 train 0.08930 val 0.07201  ★ lr 3.00e-04 5s patience 0/15
2026-08-17 04:56:05,817 │ INFO    │   e 71 train 0.08961 val 0.07318     lr 3.00e-04 5s patience 1/15
2026-08-17 04:56:11,227 │ INFO    │   e 72 train 0.08945 val 0.07183  ★ lr 3.00e-04 5s patience 0/15
2026-08-17 04:56:16,512 │ INFO    │   e 73 train 0.08918 val 0.07265     lr 3.00e-04 5s patience 1/15
2026-08-17 04:56:21,808 │ INFO    │   e 74 train 0.08932 val 0.07259     lr 3.00e-04 5s patience 2/15
2026-08-17 04:56:27,141 │ INFO    │   e 75 train 0.08892 val 0.07272     lr 3.00e-04 5s patience 3/15
2026-08-17 04:56:32,490 │ INFO    │   e 76 train 0.08893 val 0.07169  ★ lr 3.00e-04 5s patience 0/15
2026-08-17 04:56:37,791 │ INFO    │   e 77 train 0.08893 val 0.07193     lr 3.00e-04 5s patience 1/15
2026-08-17 04:56:43,104 │ INFO    │   e 78 train 0.08869 val 0.07437     lr 3.00e-04 5s patience 2/15
2026-08-17 04:56:48,381 │ INFO    │   e 79 train 0.08903 val 0.07356     lr 3.00e-04 5s patience 3/15
2026-08-17 04:56:48,520 │ INFO    │ ✔ finished [Ensemble member 2] best_val=0.07169 @ epoch 76
2026-08-17 04:56:48,580 │ INFO    │ ▶ training [Ensemble member 3] — 3,640 train / 364 tune windows, 114 batches/epoch, from epoch 0
2026-08-17 04:56:53,902 │ INFO    │   e  0 train 0.20678 val 0.13104  ★ lr 3.00e-04 5s patience 0/15
2026-08-17 04:56:59,223 │ INFO    │   e  1 train 0.12780 val 0.10445  ★ lr 3.00e-04 5s patience 0/15
2026-08-17 04:57:04,576 │ INFO    │   e  2 train 0.11703 val 0.09741  ★ lr 3.00e-04 5s patience 0/15
2026-08-17 04:57:09,935 │ INFO    │   e  3 train 0.11327 val 0.09529  ★ lr 3.00e-04 5s patience 0/15
2026-08-17 04:57:15,248 │ INFO    │   e  4 train 0.10996 val 0.09039  ★ lr 3.00e-04 5s patience 0/15
2026-08-17 04:57:20,638 │ INFO    │   e  5 train 0.10778 val 0.08943  ★ lr 3.00e-04 5s patience 0/15
2026-08-17 04:57:25,966 │ INFO    │   e  6 train 0.10677 val 0.08896  ★ lr 3.00e-04 5s patience 0/15
2026-08-17 04:57:31,309 │ INFO    │   e  7 train 0.10514 val 0.08636  ★ lr 3.00e-04 5s patience 0/15
2026-08-17 04:57:36,691 │ INFO    │   e  8 train 0.10364 val 0.08544  ★ lr 3.00e-04 5s patience 0/15
2026-08-17 04:57:41,992 │ INFO    │   e  9 train 0.10276 val 0.08444  ★ lr 3.00e-04 5s patience 0/15
2026-08-17 04:57:47,350 │ INFO    │   e 10 train 0.10173 val 0.08353  ★ lr 3.00e-04 5s patience 0/15
2026-08-17 04:57:52,703 │ INFO    │   e 11 train 0.10110 val 0.08295  ★ lr 3.00e-04 5s patience 0/15
2026-08-17 04:57:58,025 │ INFO    │   e 12 train 0.10025 val 0.08289  ★ lr 3.00e-04 5s patience 0/15
2026-08-17 04:58:03,396 │ INFO    │   e 13 train 0.10005 val 0.08154  ★ lr 3.00e-04 5s patience 0/15
2026-08-17 04:58:08,706 │ INFO    │   e 14 train 0.09896 val 0.08083  ★ lr 3.00e-04 5s patience 0/15
2026-08-17 04:58:14,097 │ INFO    │   e 15 train 0.09899 val 0.08012  ★ lr 3.00e-04 5s patience 0/15
2026-08-17 04:58:19,393 │ INFO    │   e 16 train 0.09845 val 0.08093     lr 3.00e-04 5s patience 1/15
2026-08-17 04:58:24,712 │ INFO    │   e 17 train 0.09769 val 0.07961  ★ lr 3.00e-04 5s patience 0/15
2026-08-17 04:58:30,025 │ INFO    │   e 18 train 0.09743 val 0.07989     lr 3.00e-04 5s patience 1/15
2026-08-17 04:58:35,373 │ INFO    │   e 19 train 0.09706 val 0.07882  ★ lr 3.00e-04 5s patience 0/15
2026-08-17 04:58:40,671 │ INFO    │   e 20 train 0.09654 val 0.07924     lr 3.00e-04 5s patience 1/15
2026-08-17 04:58:46,047 │ INFO    │   e 21 train 0.09633 val 0.07869  ★ lr 3.00e-04 5s patience 0/15
2026-08-17 04:58:51,392 │ INFO    │   e 22 train 0.09610 val 0.07867  ★ lr 3.00e-04 5s patience 0/15
2026-08-17 04:58:56,764 │ INFO    │   e 23 train 0.09587 val 0.07806  ★ lr 3.00e-04 5s patience 0/15
2026-08-17 04:59:02,046 │ INFO    │   e 24 train 0.09535 val 0.07820     lr 3.00e-04 5s patience 1/15
2026-08-17 04:59:07,372 │ INFO    │   e 25 train 0.09524 val 0.07765  ★ lr 3.00e-04 5s patience 0/15
2026-08-17 04:59:12,745 │ INFO    │   e 26 train 0.09470 val 0.07698  ★ lr 3.00e-04 5s patience 0/15
2026-08-17 04:59:18,060 │ INFO    │   e 27 train 0.09470 val 0.07658  ★ lr 3.00e-04 5s patience 0/15
2026-08-17 04:59:23,360 │ INFO    │   e 28 train 0.09472 val 0.07683     lr 3.00e-04 5s patience 1/15
2026-08-17 04:59:28,671 │ INFO    │   e 29 train 0.09423 val 0.07805     lr 3.00e-04 5s patience 2/15
2026-08-17 04:59:33,963 │ INFO    │   e 30 train 0.09426 val 0.07674     lr 3.00e-04 5s patience 3/15
2026-08-17 04:59:39,302 │ INFO    │   e 31 train 0.09430 val 0.07710     lr 3.00e-04 5s patience 4/15
2026-08-17 04:59:44,624 │ INFO    │   e 32 train 0.09392 val 0.07609  ★ lr 3.00e-04 5s patience 0/15
2026-08-17 04:59:49,935 │ INFO    │   e 33 train 0.09370 val 0.07666     lr 3.00e-04 5s patience 1/15
2026-08-17 04:59:55,326 │ INFO    │   e 34 train 0.09339 val 0.07563  ★ lr 3.00e-04 5s patience 0/15
2026-08-17 05:00:00,604 │ INFO    │   e 35 train 0.09338 val 0.07692     lr 3.00e-04 5s patience 1/15
2026-08-17 05:00:05,924 │ INFO    │   e 36 train 0.09317 val 0.07627     lr 3.00e-04 5s patience 2/15
2026-08-17 05:00:11,220 │ INFO    │   e 37 train 0.09293 val 0.07628     lr 3.00e-04 5s patience 3/15
2026-08-17 05:00:16,492 │ INFO    │   e 38 train 0.09300 val 0.07661     lr 3.00e-04 5s patience 4/15
2026-08-17 05:00:21,865 │ INFO    │   e 39 train 0.09299 val 0.07527  ★ lr 3.00e-04 5s patience 0/15
2026-08-17 05:00:27,183 │ INFO    │   e 40 train 0.09248 val 0.07509  ★ lr 3.00e-04 5s patience 0/15
2026-08-17 05:00:32,480 │ INFO    │   e 41 train 0.09266 val 0.07511     lr 3.00e-04 5s patience 1/15
2026-08-17 05:00:37,862 │ INFO    │   e 42 train 0.09239 val 0.07472  ★ lr 3.00e-04 5s patience 0/15
2026-08-17 05:00:43,143 │ INFO    │   e 43 train 0.09234 val 0.07571     lr 3.00e-04 5s patience 1/15
2026-08-17 05:00:48,492 │ INFO    │   e 44 train 0.09223 val 0.07486     lr 3.00e-04 5s patience 2/15
2026-08-17 05:00:53,791 │ INFO    │   e 45 train 0.09190 val 0.07497     lr 3.00e-04 5s patience 3/15
2026-08-17 05:00:59,101 │ INFO    │   e 46 train 0.09180 val 0.07527     lr 3.00e-04 5s patience 4/15
2026-08-17 05:01:04,426 │ INFO    │   e 47 train 0.09153 val 0.07478     lr 3.00e-04 5s patience 5/15
2026-08-17 05:01:09,755 │ INFO    │   e 48 train 0.09164 val 0.07455  ★ lr 3.00e-04 5s patience 0/15
2026-08-17 05:01:15,062 │ INFO    │   e 49 train 0.09154 val 0.07527     lr 3.00e-04 5s patience 1/15
2026-08-17 05:01:20,416 │ INFO    │   e 50 train 0.09155 val 0.07371  ★ lr 3.00e-04 5s patience 0/15
2026-08-17 05:01:25,709 │ INFO    │   e 51 train 0.09150 val 0.07477     lr 3.00e-04 5s patience 1/15
2026-08-17 05:01:31,060 │ INFO    │   e 52 train 0.09126 val 0.07403     lr 3.00e-04 5s patience 2/15
2026-08-17 05:01:36,346 │ INFO    │   e 53 train 0.09107 val 0.07512     lr 3.00e-04 5s patience 3/15
2026-08-17 05:01:41,678 │ INFO    │   e 54 train 0.09129 val 0.07438     lr 3.00e-04 5s patience 4/15
2026-08-17 05:01:47,011 │ INFO    │   e 55 train 0.09106 val 0.07528     lr 3.00e-04 5s patience 5/15
2026-08-17 05:01:52,296 │ INFO    │   e 56 train 0.09089 val 0.07486     lr 3.00e-04 5s patience 6/15
2026-08-17 05:01:57,689 │ INFO    │   e 57 train 0.09092 val 0.07364  ★ lr 3.00e-04 5s patience 0/15
2026-08-17 05:02:02,979 │ INFO    │   e 58 train 0.09065 val 0.07393     lr 3.00e-04 5s patience 1/15
2026-08-17 05:02:08,339 │ INFO    │   e 59 train 0.09064 val 0.07357  ★ lr 3.00e-04 5s patience 0/15
2026-08-17 05:02:13,693 │ INFO    │   e 60 train 0.09047 val 0.07334  ★ lr 3.00e-04 5s patience 0/15
2026-08-17 05:02:18,966 │ INFO    │   e 61 train 0.09072 val 0.07517     lr 3.00e-04 5s patience 1/15
2026-08-17 05:02:24,341 │ INFO    │   e 62 train 0.09042 val 0.07331  ★ lr 3.00e-04 5s patience 0/15
2026-08-17 05:02:29,649 │ INFO    │   e 63 train 0.09055 val 0.07422     lr 3.00e-04 5s patience 1/15
2026-08-17 05:02:34,982 │ INFO    │   e 64 train 0.09017 val 0.07312  ★ lr 3.00e-04 5s patience 0/15
2026-08-17 05:02:40,324 │ INFO    │   e 65 train 0.09010 val 0.07333     lr 3.00e-04 5s patience 1/15
2026-08-17 05:02:45,636 │ INFO    │   e 66 train 0.09017 val 0.07346     lr 3.00e-04 5s patience 2/15
2026-08-17 05:02:50,975 │ INFO    │   e 67 train 0.09028 val 0.07289  ★ lr 3.00e-04 5s patience 0/15
2026-08-17 05:02:56,288 │ INFO    │   e 68 train 0.09005 val 0.07346     lr 3.00e-04 5s patience 1/15
2026-08-17 05:03:01,572 │ INFO    │   e 69 train 0.08990 val 0.07326     lr 3.00e-04 5s patience 2/15
2026-08-17 05:03:06,966 │ INFO    │   e 70 train 0.08970 val 0.07255  ★ lr 3.00e-04 5s patience 0/15
2026-08-17 05:03:12,251 │ INFO    │   e 71 train 0.08956 val 0.07301     lr 3.00e-04 5s patience 1/15
2026-08-17 05:03:17,611 │ INFO    │   e 72 train 0.08955 val 0.07242  ★ lr 3.00e-04 5s patience 0/15
2026-08-17 05:03:22,941 │ INFO    │   e 73 train 0.08977 val 0.07261     lr 3.00e-04 5s patience 1/15
2026-08-17 05:03:28,241 │ INFO    │   e 74 train 0.08961 val 0.07266     lr 3.00e-04 5s patience 2/15
2026-08-17 05:03:33,572 │ INFO    │   e 75 train 0.08915 val 0.07329     lr 3.00e-04 5s patience 3/15
2026-08-17 05:03:38,887 │ INFO    │   e 76 train 0.08948 val 0.07309     lr 3.00e-04 5s patience 4/15
2026-08-17 05:03:44,185 │ INFO    │   e 77 train 0.08924 val 0.07280     lr 3.00e-04 5s patience 5/15
2026-08-17 05:03:49,523 │ INFO    │   e 78 train 0.08900 val 0.07475     lr 3.00e-04 5s patience 6/15
2026-08-17 05:03:54,802 │ INFO    │   e 79 train 0.08930 val 0.07576     lr 1.50e-04 5s patience 7/15
2026-08-17 05:03:54,931 │ INFO    │ ✔ finished [Ensemble member 3] best_val=0.07242 @ epoch 72
2026-08-17 05:03:54,994 │ INFO    │ ▶ training [Ensemble member 4] — 3,640 train / 364 tune windows, 114 batches/epoch, from epoch 0
2026-08-17 05:04:00,297 │ INFO    │   e  0 train 0.20141 val 0.12789  ★ lr 3.00e-04 5s patience 0/15
2026-08-17 05:04:05,682 │ INFO    │   e  1 train 0.12779 val 0.10477  ★ lr 3.00e-04 5s patience 0/15
2026-08-17 05:04:11,010 │ INFO    │   e  2 train 0.11768 val 0.10042  ★ lr 3.00e-04 5s patience 0/15
2026-08-17 05:04:16,417 │ INFO    │   e  3 train 0.11345 val 0.09489  ★ lr 3.00e-04 5s patience 0/15
2026-08-17 05:04:21,732 │ INFO    │   e  4 train 0.11013 val 0.09128  ★ lr 3.00e-04 5s patience 0/15
2026-08-17 05:04:27,057 │ INFO    │   e  5 train 0.10754 val 0.08973  ★ lr 3.00e-04 5s patience 0/15
2026-08-17 05:04:32,423 │ INFO    │   e  6 train 0.10643 val 0.08912  ★ lr 3.00e-04 5s patience 0/15
2026-08-17 05:04:37,724 │ INFO    │   e  7 train 0.10486 val 0.08683  ★ lr 3.00e-04 5s patience 0/15
2026-08-17 05:04:43,096 │ INFO    │   e  8 train 0.10307 val 0.08507  ★ lr 3.00e-04 5s patience 0/15
2026-08-17 05:04:48,451 │ INFO    │   e  9 train 0.10216 val 0.08485  ★ lr 3.00e-04 5s patience 0/15
2026-08-17 05:04:53,787 │ INFO    │   e 10 train 0.10132 val 0.08315  ★ lr 3.00e-04 5s patience 0/15
2026-08-17 05:04:59,111 │ INFO    │   e 11 train 0.10064 val 0.08389     lr 3.00e-04 5s patience 1/15
2026-08-17 05:05:04,426 │ INFO    │   e 12 train 0.09991 val 0.08248  ★ lr 3.00e-04 5s patience 0/15
2026-08-17 05:05:09,753 │ INFO    │   e 13 train 0.09960 val 0.08155  ★ lr 3.00e-04 5s patience 0/15
2026-08-17 05:05:15,105 │ INFO    │   e 14 train 0.09868 val 0.08085  ★ lr 3.00e-04 5s patience 0/15
2026-08-17 05:05:20,414 │ INFO    │   e 15 train 0.09862 val 0.08009  ★ lr 3.00e-04 5s patience 0/15
2026-08-17 05:05:25,739 │ INFO    │   e 16 train 0.09797 val 0.08270     lr 3.00e-04 5s patience 1/15
2026-08-17 05:05:31,072 │ INFO    │   e 17 train 0.09785 val 0.08001  ★ lr 3.00e-04 5s patience 0/15
2026-08-17 05:05:36,345 │ INFO    │   e 18 train 0.09746 val 0.08101     lr 3.00e-04 5s patience 1/15
2026-08-17 05:05:41,705 │ INFO    │   e 19 train 0.09702 val 0.07971  ★ lr 3.00e-04 5s patience 0/15
2026-08-17 05:05:47,011 │ INFO    │   e 20 train 0.09642 val 0.07944  ★ lr 3.00e-04 5s patience 0/15
2026-08-17 05:05:52,394 │ INFO    │   e 21 train 0.09633 val 0.07890  ★ lr 3.00e-04 5s patience 0/15
2026-08-17 05:05:57,672 │ INFO    │   e 22 train 0.09611 val 0.07929     lr 3.00e-04 5s patience 1/15
2026-08-17 05:06:02,982 │ INFO    │   e 23 train 0.09579 val 0.07788  ★ lr 3.00e-04 5s patience 0/15
2026-08-17 05:06:08,310 │ INFO    │   e 24 train 0.09525 val 0.07857     lr 3.00e-04 5s patience 1/15
2026-08-17 05:06:13,573 │ INFO    │   e 25 train 0.09514 val 0.07828     lr 3.00e-04 5s patience 2/15
2026-08-17 05:06:18,923 │ INFO    │   e 26 train 0.09486 val 0.07735  ★ lr 3.00e-04 5s patience 0/15
2026-08-17 05:06:24,283 │ INFO    │   e 27 train 0.09471 val 0.07674  ★ lr 3.00e-04 5s patience 0/15
2026-08-17 05:06:29,560 │ INFO    │   e 28 train 0.09460 val 0.07728     lr 3.00e-04 5s patience 1/15
2026-08-17 05:06:34,886 │ INFO    │   e 29 train 0.09414 val 0.07716     lr 3.00e-04 5s patience 2/15
2026-08-17 05:06:40,147 │ INFO    │   e 30 train 0.09420 val 0.07790     lr 3.00e-04 5s patience 3/15
2026-08-17 05:06:45,425 │ INFO    │   e 31 train 0.09427 val 0.07814     lr 3.00e-04 5s patience 4/15
2026-08-17 05:06:50,747 │ INFO    │   e 32 train 0.09380 val 0.07909     lr 3.00e-04 5s patience 5/15
2026-08-17 05:06:56,063 │ INFO    │   e 33 train 0.09398 val 0.07559  ★ lr 3.00e-04 5s patience 0/15
2026-08-17 05:07:01,364 │ INFO    │   e 34 train 0.09339 val 0.07576     lr 3.00e-04 5s patience 1/15
2026-08-17 05:07:06,665 │ INFO    │   e 35 train 0.09342 val 0.07871     lr 3.00e-04 5s patience 2/15
2026-08-17 05:07:11,928 │ INFO    │   e 36 train 0.09297 val 0.07593     lr 3.00e-04 5s patience 3/15
2026-08-17 05:07:17,239 │ INFO    │   e 37 train 0.09294 val 0.07625     lr 3.00e-04 5s patience 4/15
2026-08-17 05:07:22,508 │ INFO    │   e 38 train 0.09284 val 0.07564     lr 3.00e-04 5s patience 5/15
2026-08-17 05:07:27,846 │ INFO    │   e 39 train 0.09276 val 0.07523  ★ lr 3.00e-04 5s patience 0/15
2026-08-17 05:07:33,219 │ INFO    │   e 40 train 0.09257 val 0.07500  ★ lr 3.00e-04 5s patience 0/15
2026-08-17 05:07:38,455 │ INFO    │   e 41 train 0.09221 val 0.07520     lr 3.00e-04 5s patience 1/15
2026-08-17 05:07:43,785 │ INFO    │   e 42 train 0.09209 val 0.07557     lr 3.00e-04 5s patience 2/15
2026-08-17 05:07:49,111 │ INFO    │   e 43 train 0.09212 val 0.07600     lr 3.00e-04 5s patience 3/15
2026-08-17 05:07:54,385 │ INFO    │   e 44 train 0.09237 val 0.07507     lr 3.00e-04 5s patience 4/15
2026-08-17 05:07:59,733 │ INFO    │   e 45 train 0.09190 val 0.07569     lr 3.00e-04 5s patience 5/15
2026-08-17 05:08:05,010 │ INFO    │   e 46 train 0.09169 val 0.07527     lr 3.00e-04 5s patience 6/15
2026-08-17 05:08:10,369 │ INFO    │   e 47 train 0.09167 val 0.07473  ★ lr 3.00e-04 5s patience 0/15
2026-08-17 05:08:15,757 │ INFO    │   e 48 train 0.09149 val 0.07397  ★ lr 3.00e-04 5s patience 0/15
2026-08-17 05:08:21,052 │ INFO    │   e 49 train 0.09149 val 0.07523     lr 3.00e-04 5s patience 1/15
2026-08-17 05:08:26,497 │ INFO    │   e 50 train 0.09159 val 0.07396  ★ lr 3.00e-04 5s patience 0/15
2026-08-17 05:08:31,805 │ INFO    │   e 51 train 0.09138 val 0.07499     lr 3.00e-04 5s patience 1/15
2026-08-17 05:08:37,117 │ INFO    │   e 52 train 0.09118 val 0.07490     lr 3.00e-04 5s patience 2/15
2026-08-17 05:08:42,483 │ INFO    │   e 53 train 0.09113 val 0.07692     lr 3.00e-04 5s patience 3/15
2026-08-17 05:08:47,773 │ INFO    │   e 54 train 0.09137 val 0.07406     lr 3.00e-04 5s patience 4/15
2026-08-17 05:08:53,091 │ INFO    │   e 55 train 0.09101 val 0.07403     lr 3.00e-04 5s patience 5/15
2026-08-17 05:08:58,451 │ INFO    │   e 56 train 0.09063 val 0.07489     lr 3.00e-04 5s patience 6/15
2026-08-17 05:09:03,777 │ INFO    │   e 57 train 0.09078 val 0.07380  ★ lr 3.00e-04 5s patience 0/15
2026-08-17 05:09:09,118 │ INFO    │   e 58 train 0.09060 val 0.07460     lr 3.00e-04 5s patience 1/15
2026-08-17 05:09:14,473 │ INFO    │   e 59 train 0.09088 val 0.07342  ★ lr 3.00e-04 5s patience 0/15
2026-08-17 05:09:19,780 │ INFO    │   e 60 train 0.09029 val 0.07409     lr 3.00e-04 5s patience 1/15
2026-08-17 05:09:25,095 │ INFO    │   e 61 train 0.09059 val 0.07413     lr 3.00e-04 5s patience 2/15
2026-08-17 05:09:30,376 │ INFO    │   e 62 train 0.09040 val 0.07367     lr 3.00e-04 5s patience 3/15
2026-08-17 05:09:35,703 │ INFO    │   e 63 train 0.09033 val 0.07382     lr 3.00e-04 5s patience 4/15
2026-08-17 05:09:41,006 │ INFO    │   e 64 train 0.09008 val 0.07353     lr 3.00e-04 5s patience 5/15
2026-08-17 05:09:46,279 │ INFO    │   e 65 train 0.09014 val 0.07379     lr 3.00e-04 5s patience 6/15
2026-08-17 05:09:51,644 │ INFO    │   e 66 train 0.09024 val 0.07323  ★ lr 3.00e-04 5s patience 0/15
2026-08-17 05:09:56,910 │ INFO    │   e 67 train 0.08992 val 0.07328     lr 3.00e-04 5s patience 1/15
2026-08-17 05:10:02,193 │ INFO    │   e 68 train 0.09017 val 0.07584     lr 3.00e-04 5s patience 2/15
2026-08-17 05:10:07,485 │ INFO    │   e 69 train 0.09023 val 0.07326     lr 3.00e-04 5s patience 3/15
2026-08-17 05:10:12,797 │ INFO    │   e 70 train 0.08968 val 0.07226  ★ lr 3.00e-04 5s patience 0/15
2026-08-17 05:10:18,130 │ INFO    │   e 71 train 0.08954 val 0.07319     lr 3.00e-04 5s patience 1/15
2026-08-17 05:10:23,392 │ INFO    │   e 72 train 0.08973 val 0.07294     lr 3.00e-04 5s patience 2/15
2026-08-17 05:10:28,675 │ INFO    │   e 73 train 0.08959 val 0.07334     lr 3.00e-04 5s patience 3/15
2026-08-17 05:10:33,972 │ INFO    │   e 74 train 0.08951 val 0.07284     lr 3.00e-04 5s patience 4/15
2026-08-17 05:10:39,243 │ INFO    │   e 75 train 0.08926 val 0.07262     lr 3.00e-04 5s patience 5/15
2026-08-17 05:10:44,548 │ INFO    │   e 76 train 0.08948 val 0.07365     lr 3.00e-04 5s patience 6/15
2026-08-17 05:10:49,835 │ INFO    │   e 77 train 0.08922 val 0.07265     lr 1.50e-04 5s patience 7/15
2026-08-17 05:10:55,155 │ INFO    │   e 78 train 0.08861 val 0.07214  ★ lr 1.50e-04 5s patience 0/15
2026-08-17 05:11:00,491 │ INFO    │   e 79 train 0.08849 val 0.07271     lr 1.50e-04 5s patience 1/15
2026-08-17 05:11:00,625 │ INFO    │ ✔ finished [Ensemble member 4] best_val=0.07214 @ epoch 78
2026-08-17 05:11:00,666 │ INFO    │ Deep Ensemble assembled from M=5 members
2026-08-17 05:11:08,713 │ INFO    │  ⚠ under-sized Mondrian bin(s) for [Deep Ensemble] ['normal · peak', 'event · peak'] — invoking 5-fold cross-conformal
2026-08-17 05:11:08,717 │ INFO    │   ▶ cross-conformal fold 1/5 — fit 2,912 / held-out 728 windows
2026-08-17 05:11:08,720 │ ERROR   │ ✗ deep ensemble failed: KeyError: "Unknown model 'Deep Ensemble'. Available: ['CRISP-Net', 'CRISP-Net w/o gates', 'CRISP-Net w/o PRI', 'Graph WaveNet', 'AGCRN', 'TGALSTM', 'TDAG-Net', 'TDAG-Net (Input-Splitter)', 'MC-Dropout', 'Ensemble member 0', 'Ensemble member 1', 'Ensemble member 2', 'Ensemble member 3', 'Ensemble member 4']"
2026-08-17 05:11:10,639 │ INFO    │ AGCRN restored from 2023__v2__AGCRN_seed_42/best.pt
2026-08-17 05:11:13,346 │ INFO    │ ✔ transfer [AGCRN + ECQ] — mean |residual| score 14.64, mean interval width 57.57
2026-08-17 05:11:15,416 │ INFO    │ Graph WaveNet restored from 2023__v2__Graph_WaveNet/best.pt
2026-08-17 05:11:17,728 │ INFO    │ ✔ transfer [Graph WaveNet + ECQ] — mean |residual| score 16.84, mean interval width 65.97
2026-08-17 05:11:21,133 │ INFO    │ TDAG-Net restored from 2023__v2__TDAG-Net_seed_42/best.pt
2026-08-17 05:11:24,910 │ INFO    │ ✔ transfer [TDAG-Net + ECQ] — mean |residual| score 15.26, mean interval width 60.34
2026-08-17 05:11:28,689 │ INFO    │ TDAG-Net (Input-Splitter) restored from 2023__v2__TDAG-Net_Input-Splitter_seed_42/best.pt
2026-08-17 05:11:31,962 │ INFO    │ ✔ transfer [TDAG-Net (Input-Splitter) + ECQ] — mean |residual| score 15.12, mean interval width 59.81
2026-08-17 05:11:33,556 │ INFO    │ ✓ figure  [F20] exists — skipping (force=True to redraw)
2026-08-17 05:11:33,559 │ INFO    │ ✓ figure  [F21] exists — skipping (force=True to redraw)
2026-08-17 05:11:33,561 │ INFO    │ ✓ figure  [F22] exists — skipping (force=True to redraw)
2026-08-17 05:11:33,563 │ INFO    │ ✓ figure  [F23] exists — skipping (force=True to redraw)
2026-08-17 05:11:33,565 │ INFO    │ ✓ figure  [F24] exists — skipping (force=True to redraw)
2026-08-17 05:11:33,567 │ INFO    │ ✓ figure  [F25] exists — skipping (force=True to redraw)
2026-08-17 05:11:33,571 │ INFO    │ ✓ figure  [F26] exists — skipping (force=True to redraw)
2026-08-17 05:11:36,402 │ INFO    │ 🖼  figure  [F27] Conditional coverage under three calibration regimes → F27_fig_decisive_coverage.png
2026-08-17 05:11:36,406 │ INFO    │ ✓ figure  [F28] exists — skipping (force=True to redraw)
2026-08-17 05:11:36,408 │ INFO    │ ✓ figure  [F29] exists — skipping (force=True to redraw)
2026-08-17 05:11:36,409 │ INFO    │ ✓ figure  [F30] exists — skipping (force=True to redraw)
2026-08-17 05:11:36,411 │ INFO    │ ✓ figure  [F31] exists — skipping (force=True to redraw)
2026-08-17 05:11:36,412 │ INFO    │ ✓ figure  [F32] exists — skipping (force=True to redraw)
2026-08-17 05:11:40,071 │ INFO    │ 🖼  figure  [F33] Conformal transfer across architectures → F33_fig_conformal_transfer.png
2026-08-17 05:11:41,169 │ INFO    │ CRISP-Net restored from 2023__v2__CRISP-Net/best.pt
2026-08-17 05:11:41,204 │ ERROR   │ ✗ figure  [F34] FAILED: AssertionError: 
2026-08-17 05:11:41,210 │ ERROR   │ Traceback (most recent call last):
  File "/tmp/ipykernel_1501/1589727799.py", line 271, in wrapper
    out = fn(*args, **kwargs)
          ^^^^^^^^^^^^^^^^^^^
  File "/tmp/ipykernel_1501/2712675557.py", line 354, in fig_persona_gates
    vals = 100 * piv.loc[p, CHANNEL_NAMES].to_numpy(dtype=float)
                 ~~~~~~~^^^^^^^^^^^^^^^^^^
  File "/usr/local/lib/python3.12/dist-packages/pandas/core/indexing.py", line 1184, in __getitem__
    return self._getitem_tuple(key)
           ^^^^^^^^^^^^^^^^^^^^^^^^
  File "/usr/local/lib/python3.12/dist-packages/pandas/core/indexing.py", line 1377, in _getitem_tuple
    return self._getitem_tuple_same_dim(tup)
           ^^^^^^^^^^^^^^^^^^^^^^^^^^^^^^^^^
AssertionError

2026-08-17 05:11:41,213 │ INFO    │ Result figures rendered/verified: 14/15
2026-08-17 05:11:41,692 │ INFO    │ CRISP-Net restored from 2023__v2__CRISP-Net/best.pt
2026-08-17 05:11:41,994 │ INFO    │ Interpretability exported — 14 entries.
2026-08-17 05:13:32,626 │ INFO    │ PIPELINE COMPLETE — CRISP-Net.
2026-08-17 05:18:12,669 │ INFO    │ ✓ trained [Ensemble member 0] — DONE marker present, skipping
2026-08-17 05:18:12,731 │ INFO    │   ↻ resumed [Ensemble member 0] at epoch 80, batch 0, best_val=0.07159 (epoch 72)
2026-08-17 05:18:12,836 │ INFO    │ ✓ trained [Ensemble member 1] — DONE marker present, skipping
2026-08-17 05:18:13,003 │ INFO    │   ↻ resumed [Ensemble member 1] at epoch 80, batch 0, best_val=0.07162 (epoch 78)
2026-08-17 05:18:13,268 │ INFO    │ ✓ trained [Ensemble member 2] — DONE marker present, skipping
2026-08-17 05:18:13,425 │ INFO    │   ↻ resumed [Ensemble member 2] at epoch 80, batch 0, best_val=0.07169 (epoch 76)
2026-08-17 05:18:13,628 │ INFO    │ ✓ trained [Ensemble member 3] — DONE marker present, skipping
2026-08-17 05:18:13,798 │ INFO    │   ↻ resumed [Ensemble member 3] at epoch 80, batch 0, best_val=0.07242 (epoch 72)
2026-08-17 05:18:14,066 │ INFO    │ ✓ trained [Ensemble member 4] — DONE marker present, skipping
2026-08-17 05:18:14,212 │ INFO    │   ↻ resumed [Ensemble member 4] at epoch 80, batch 0, best_val=0.07214 (epoch 78)
2026-08-17 05:18:14,473 │ INFO    │ Deep Ensemble assembled from M=5 members
2026-08-17 05:18:22,811 │ INFO    │   ℹ Deep Ensemble: ['normal · peak', 'event · peak'] calibrated by POOLED fallback, not cross-conformal — report this asymmetry against CRISP-Net in the paper.
2026-08-17 05:26:08,995 │ INFO    │  ⚠ under-sized Mondrian bin(s) for [CRISP-Net] ['normal · peak', 'event · peak'] — invoking 5-fold cross-conformal
2026-08-17 05:26:09,326 │ INFO    │ ✓ cached [cross-conformal CRISP-Net] (4171440, 2) scores
2026-08-17 05:26:09,807 │ INFO    │ ✓ cached [CRISP-Net] predictions + metrics loaded
2026-08-17 05:26:10,320 │ INFO    │  ⚠ under-sized Mondrian bin(s) for [CRISP-Net w/o gates] ['normal · peak', 'event · peak'] — invoking 5-fold cross-conformal
2026-08-17 05:26:10,593 │ INFO    │ ✓ cached [cross-conformal CRISP-Net w/o gates] (4171440, 2) scores
2026-08-17 05:26:10,883 │ INFO    │ ✓ cached [CRISP-Net w/o gates] predictions + metrics loaded
2026-08-17 05:26:11,294 │ INFO    │  ⚠ under-sized Mondrian bin(s) for [CRISP-Net w/o PRI] ['normal · peak', 'event · peak'] — invoking 5-fold cross-conformal
2026-08-17 05:26:11,550 │ INFO    │ ✓ cached [cross-conformal CRISP-Net w/o PRI] (4171440, 2) scores
2026-08-17 05:26:11,843 │ INFO    │ ✓ cached [CRISP-Net w/o PRI] predictions + metrics loaded
2026-08-17 05:26:11,925 │ INFO    │ ✓ cached [Graph WaveNet] predictions + metrics loaded
2026-08-17 05:26:12,007 │ INFO    │ ✓ cached [AGCRN] predictions + metrics loaded (3 seeds, from v2)
2026-08-17 05:26:12,095 │ INFO    │ ✓ cached [TGALSTM] predictions + metrics loaded
2026-08-17 05:26:12,179 │ INFO    │ ✓ cached [TDAG-Net] predictions + metrics loaded (3 seeds, from v2)
2026-08-17 05:26:12,259 │ INFO    │ ✓ cached [TDAG-Net (Input-Splitter)] predictions + metrics loaded (3 seeds, from v2)
2026-08-17 05:26:12,657 │ INFO    │  ⚠ under-sized Mondrian bin(s) for [MC-Dropout] ['normal · peak', 'event · peak'] — invoking 5-fold cross-conformal
2026-08-17 05:26:12,917 │ INFO    │ ✓ cached [cross-conformal MC-Dropout] (4171440, 2) scores
2026-08-17 05:26:13,237 │ INFO    │ ✓ cached [MC-Dropout] predictions + metrics loaded
2026-08-17 05:26:13,542 │ INFO    │ ✓ cached [Deep Ensemble] (M=5)
2026-08-17 05:26:27,959 │ INFO    │ ✓ cached [Deep Ensemble] (M=5)
2026-08-17 05:26:41,170 │ INFO    │  ⚠ under-sized Mondrian bin(s) for [CRISP-Net] ['normal · peak', 'event · peak'] — invoking 5-fold cross-conformal
2026-08-17 05:26:41,707 │ INFO    │ ✓ cached [cross-conformal CRISP-Net] (4171440, 2) scores
2026-08-17 05:26:47,198 │ INFO    │  ⚠ under-sized Mondrian bin(s) for [CRISP-Net w/o gates] ['normal · peak', 'event · peak'] — invoking 5-fold cross-conformal
2026-08-17 05:26:47,870 │ INFO    │ ✓ cached [cross-conformal CRISP-Net w/o gates] (4171440, 2) scores
2026-08-17 05:26:54,167 │ INFO    │  ⚠ under-sized Mondrian bin(s) for [CRISP-Net w/o PRI] ['normal · peak', 'event · peak'] — invoking 5-fold cross-conformal
2026-08-17 05:26:54,519 │ INFO    │ ✓ cached [cross-conformal CRISP-Net w/o PRI] (4171440, 2) scores
2026-08-17 05:26:58,188 │ INFO    │  ⚠ under-sized Mondrian bin(s) for [MC-Dropout] ['normal · peak', 'event · peak'] — invoking 5-fold cross-conformal
2026-08-17 05:26:58,447 │ INFO    │ ✓ cached [cross-conformal MC-Dropout] (4171440, 2) scores
2026-08-17 05:27:55,521 │ INFO    │ ✓ figure  [F20] exists — skipping (force=True to redraw)
2026-08-17 05:27:55,523 │ INFO    │ ✓ figure  [F21] exists — skipping (force=True to redraw)
2026-08-17 05:27:55,525 │ INFO    │ ✓ figure  [F22] exists — skipping (force=True to redraw)
2026-08-17 05:27:55,527 │ INFO    │ ✓ figure  [F23] exists — skipping (force=True to redraw)
2026-08-17 05:27:55,529 │ INFO    │ ✓ figure  [F24] exists — skipping (force=True to redraw)
2026-08-17 05:27:55,530 │ INFO    │ ✓ figure  [F25] exists — skipping (force=True to redraw)
2026-08-17 05:27:55,532 │ INFO    │ ✓ figure  [F26] exists — skipping (force=True to redraw)
2026-08-17 05:27:55,533 │ INFO    │ ✓ figure  [F27] exists — skipping (force=True to redraw)
2026-08-17 05:27:55,535 │ INFO    │ ✓ figure  [F28] exists — skipping (force=True to redraw)
2026-08-17 05:27:55,537 │ INFO    │ ✓ figure  [F29] exists — skipping (force=True to redraw)
2026-08-17 05:27:55,539 │ INFO    │ ✓ figure  [F30] exists — skipping (force=True to redraw)
2026-08-17 05:27:55,541 │ INFO    │ ✓ figure  [F31] exists — skipping (force=True to redraw)
2026-08-17 05:27:55,543 │ INFO    │ ✓ figure  [F32] exists — skipping (force=True to redraw)
2026-08-17 05:27:55,544 │ INFO    │ ✓ figure  [F33] exists — skipping (force=True to redraw)
2026-08-17 05:27:55,584 │ INFO    │ CRISP-Net restored from 2023__v2__CRISP-Net/best.pt
2026-08-17 05:27:55,621 │ ERROR   │ ✗ figure  [F34] FAILED: AssertionError: 
2026-08-17 05:27:55,623 │ ERROR   │ Traceback (most recent call last):
  File "/tmp/ipykernel_1501/1589727799.py", line 271, in wrapper
    out = fn(*args, **kwargs)
          ^^^^^^^^^^^^^^^^^^^
  File "/tmp/ipykernel_1501/2712675557.py", line 354, in fig_persona_gates
    vals = 100 * piv.loc[p, CHANNEL_NAMES].to_numpy(dtype=float)
                 ~~~~~~~^^^^^^^^^^^^^^^^^^
  File "/usr/local/lib/python3.12/dist-packages/pandas/core/indexing.py", line 1184, in __getitem__
    return self._getitem_tuple(key)
           ^^^^^^^^^^^^^^^^^^^^^^^^
  File "/usr/local/lib/python3.12/dist-packages/pandas/core/indexing.py", line 1377, in _getitem_tuple
    return self._getitem_tuple_same_dim(tup)
           ^^^^^^^^^^^^^^^^^^^^^^^^^^^^^^^^^
AssertionError

2026-08-17 05:27:55,626 │ INFO    │ Result figures rendered/verified: 14/15
2026-08-17 05:28:14,457 │ INFO    │ CRISP-Net restored from 2023__v2__CRISP-Net/best.pt
2026-08-17 05:28:14,726 │ INFO    │ Interpretability exported — 14 entries.
2026-08-17 05:28:39,690 │ INFO    │ PIPELINE COMPLETE — CRISP-Net.
2026-08-17 05:31:55,670 │ INFO    │ CRISP-Net restored from 2023__v2__CRISP-Net/best.pt
2026-08-17 05:32:04,533 │ INFO    │ 🖼  figure  [F34] Persona attribution: the learned input gates → F34_fig_persona_gates.png
2026-08-17 05:32:04,676 │ INFO    │ CRISP-Net restored from 2023__v2__CRISP-Net/best.pt
2026-08-17 05:41:06,803 │ INFO    │  ⚠ under-sized Mondrian bin(s) for [CRISP-Net] ['normal · peak', 'event · peak'] — invoking 5-fold cross-conformal
2026-08-17 05:41:07,062 │ INFO    │ ✓ cached [cross-conformal CRISP-Net] (4171440, 2) scores
2026-08-17 05:41:10,309 │ INFO    │  ⚠ under-sized Mondrian bin(s) for [CRISP-Net w/o gates] ['normal · peak', 'event · peak'] — invoking 5-fold cross-conformal
2026-08-17 05:41:10,566 │ INFO    │ ✓ cached [cross-conformal CRISP-Net w/o gates] (4171440, 2) scores
2026-08-17 05:41:14,561 │ INFO    │  ⚠ under-sized Mondrian bin(s) for [CRISP-Net w/o PRI] ['normal · peak', 'event · peak'] — invoking 5-fold cross-conformal
2026-08-17 05:41:14,888 │ INFO    │ ✓ cached [cross-conformal CRISP-Net w/o PRI] (4171440, 2) scores
2026-08-17 05:41:18,405 │ INFO    │  ⚠ under-sized Mondrian bin(s) for [MC-Dropout] ['normal · peak', 'event · peak'] — invoking 5-fold cross-conformal
2026-08-17 05:41:18,673 │ INFO    │ ✓ cached [cross-conformal MC-Dropout] (4171440, 2) scores
2026-08-17 05:45:30,696 │ INFO    │ ✓ figure  [F20] exists — skipping (force=True to redraw)
2026-08-17 05:45:30,700 │ INFO    │ ✓ figure  [F21] exists — skipping (force=True to redraw)
2026-08-17 05:45:30,703 │ INFO    │ ✓ figure  [F22] exists — skipping (force=True to redraw)
2026-08-17 05:45:30,704 │ INFO    │ ✓ figure  [F23] exists — skipping (force=True to redraw)
2026-08-17 05:45:30,706 │ INFO    │ ✓ figure  [F24] exists — skipping (force=True to redraw)
2026-08-17 05:45:30,708 │ INFO    │ ✓ figure  [F25] exists — skipping (force=True to redraw)
2026-08-17 05:45:30,710 │ INFO    │ ✓ figure  [F26] exists — skipping (force=True to redraw)
2026-08-17 05:45:30,712 │ INFO    │ ✓ figure  [F27] exists — skipping (force=True to redraw)
2026-08-17 05:45:30,714 │ INFO    │ ✓ figure  [F28] exists — skipping (force=True to redraw)
2026-08-17 05:45:30,717 │ INFO    │ ✓ figure  [F29] exists — skipping (force=True to redraw)
2026-08-17 05:45:30,719 │ INFO    │ ✓ figure  [F30] exists — skipping (force=True to redraw)
2026-08-17 05:45:30,721 │ INFO    │ ✓ figure  [F31] exists — skipping (force=True to redraw)
2026-08-17 05:45:30,722 │ INFO    │ ✓ figure  [F32] exists — skipping (force=True to redraw)
2026-08-17 05:45:30,724 │ INFO    │ ✓ figure  [F33] exists — skipping (force=True to redraw)
2026-08-17 05:45:30,726 │ INFO    │ ✓ figure  [F34] exists — skipping (force=True to redraw)
2026-08-17 05:45:30,728 │ INFO    │ Result figures rendered/verified: 15/15
2026-08-17 05:45:48,718 │ INFO    │ CRISP-Net restored from 2023__v2__CRISP-Net/best.pt
2026-08-17 05:45:50,925 │ INFO    │ 🖼  figure  [F34] Persona attribution: the learned input gates → F34_fig_persona_gates.png
2026-08-17 05:45:50,969 │ INFO    │ CRISP-Net restored from 2023__v2__CRISP-Net/best.pt
2026-08-17 05:46:05,309 │ INFO    │ CRISP-Net restored from 2023__v2__CRISP-Net/best.pt
2026-08-17 05:46:05,337 │ INFO    │ Interpretability exported — 13 entries.
2026-08-17 05:46:30,879 │ INFO    │ PIPELINE COMPLETE — CRISP-Net.
